Archive member included to satisfy reference by file (symbol)

c:/program files (x86)/gnu tools arm embedded/5.4 2016q2/bin/../lib/gcc/arm-none-eabi/5.4.1/../../../../arm-none-eabi/lib/armv7-m\libc.a(lib_a-exit.o)
                              c:/program files (x86)/gnu tools arm embedded/5.4 2016q2/bin/../lib/gcc/arm-none-eabi/5.4.1/../../../../arm-none-eabi/lib/armv7-m/crt0.o (exit)
c:/program files (x86)/gnu tools arm embedded/5.4 2016q2/bin/../lib/gcc/arm-none-eabi/5.4.1/../../../../arm-none-eabi/lib/armv7-m\libc.a(lib_a-impure.o)
                              c:/program files (x86)/gnu tools arm embedded/5.4 2016q2/bin/../lib/gcc/arm-none-eabi/5.4.1/../../../../arm-none-eabi/lib/armv7-m\libc.a(lib_a-exit.o) (_global_impure_ptr)
c:/program files (x86)/gnu tools arm embedded/5.4 2016q2/bin/../lib/gcc/arm-none-eabi/5.4.1/../../../../arm-none-eabi/lib/armv7-m\libc.a(lib_a-init.o)
                              c:/program files (x86)/gnu tools arm embedded/5.4 2016q2/bin/../lib/gcc/arm-none-eabi/5.4.1/../../../../arm-none-eabi/lib/armv7-m/crt0.o (__libc_init_array)
c:/program files (x86)/gnu tools arm embedded/5.4 2016q2/bin/../lib/gcc/arm-none-eabi/5.4.1/../../../../arm-none-eabi/lib/armv7-m\libc.a(lib_a-memset.o)
                              c:/program files (x86)/gnu tools arm embedded/5.4 2016q2/bin/../lib/gcc/arm-none-eabi/5.4.1/../../../../arm-none-eabi/lib/armv7-m/crt0.o (memset)
c:/program files (x86)/gnu tools arm embedded/5.4 2016q2/bin/../lib/gcc/arm-none-eabi/5.4.1/../../../../arm-none-eabi/lib/armv7-m\libc.a(lib_a-__call_atexit.o)
                              c:/program files (x86)/gnu tools arm embedded/5.4 2016q2/bin/../lib/gcc/arm-none-eabi/5.4.1/../../../../arm-none-eabi/lib/armv7-m\libc.a(lib_a-exit.o) (__call_exitprocs)
c:/program files (x86)/gnu tools arm embedded/5.4 2016q2/bin/../lib/gcc/arm-none-eabi/5.4.1/../../../../arm-none-eabi/lib/armv7-m\libc.a(lib_a-atexit.o)
                              c:/program files (x86)/gnu tools arm embedded/5.4 2016q2/bin/../lib/gcc/arm-none-eabi/5.4.1/../../../../arm-none-eabi/lib/armv7-m\libc.a(lib_a-__call_atexit.o) (atexit)
c:/program files (x86)/gnu tools arm embedded/5.4 2016q2/bin/../lib/gcc/arm-none-eabi/5.4.1/../../../../arm-none-eabi/lib/armv7-m\libc.a(lib_a-fini.o)
                              c:/program files (x86)/gnu tools arm embedded/5.4 2016q2/bin/../lib/gcc/arm-none-eabi/5.4.1/../../../../arm-none-eabi/lib/armv7-m\libc.a(lib_a-__call_atexit.o) (__libc_fini_array)
c:/program files (x86)/gnu tools arm embedded/5.4 2016q2/bin/../lib/gcc/arm-none-eabi/5.4.1/../../../../arm-none-eabi/lib/armv7-m\libc.a(lib_a-__atexit.o)
                              c:/program files (x86)/gnu tools arm embedded/5.4 2016q2/bin/../lib/gcc/arm-none-eabi/5.4.1/../../../../arm-none-eabi/lib/armv7-m\libc.a(lib_a-atexit.o) (__register_exitproc)
c:/program files (x86)/gnu tools arm embedded/5.4 2016q2/bin/../lib/gcc/arm-none-eabi/5.4.1/../../../../arm-none-eabi/lib/armv7-m\libg.a(lib_a-sprintf.o)
                              ..\obj\main.o (sprintf)
c:/program files (x86)/gnu tools arm embedded/5.4 2016q2/bin/../lib/gcc/arm-none-eabi/5.4.1/../../../../arm-none-eabi/lib/armv7-m\libg.a(lib_a-strlen-stub.o)
                              ..\obj\lcd.o (strlen)
c:/program files (x86)/gnu tools arm embedded/5.4 2016q2/bin/../lib/gcc/arm-none-eabi/5.4.1/../../../../arm-none-eabi/lib/armv7-m\libg.a(lib_a-svfprintf.o)
                              c:/program files (x86)/gnu tools arm embedded/5.4 2016q2/bin/../lib/gcc/arm-none-eabi/5.4.1/../../../../arm-none-eabi/lib/armv7-m\libg.a(lib_a-sprintf.o) (_svfprintf_r)
c:/program files (x86)/gnu tools arm embedded/5.4 2016q2/bin/../lib/gcc/arm-none-eabi/5.4.1/../../../../arm-none-eabi/lib/armv7-m\libg.a(lib_a-dtoa.o)
                              c:/program files (x86)/gnu tools arm embedded/5.4 2016q2/bin/../lib/gcc/arm-none-eabi/5.4.1/../../../../arm-none-eabi/lib/armv7-m\libg.a(lib_a-svfprintf.o) (_dtoa_r)
c:/program files (x86)/gnu tools arm embedded/5.4 2016q2/bin/../lib/gcc/arm-none-eabi/5.4.1/../../../../arm-none-eabi/lib/armv7-m\libg.a(lib_a-locale.o)
                              c:/program files (x86)/gnu tools arm embedded/5.4 2016q2/bin/../lib/gcc/arm-none-eabi/5.4.1/../../../../arm-none-eabi/lib/armv7-m\libg.a(lib_a-svfprintf.o) (_localeconv_r)
c:/program files (x86)/gnu tools arm embedded/5.4 2016q2/bin/../lib/gcc/arm-none-eabi/5.4.1/../../../../arm-none-eabi/lib/armv7-m\libg.a(lib_a-mallocr.o)
                              c:/program files (x86)/gnu tools arm embedded/5.4 2016q2/bin/../lib/gcc/arm-none-eabi/5.4.1/../../../../arm-none-eabi/lib/armv7-m\libg.a(lib_a-svfprintf.o) (_malloc_r)
c:/program files (x86)/gnu tools arm embedded/5.4 2016q2/bin/../lib/gcc/arm-none-eabi/5.4.1/../../../../arm-none-eabi/lib/armv7-m\libg.a(lib_a-memchr-stub.o)
[...]
Memory Configuration

Name             Origin             Length             Attributes
FLASH            0x08000000         0x00010000         xr
RAM              0x20000000         0x00005000         xrw
*default*        0x00000000         0xffffffff

Linker script and memory map

LOAD c:/program files (x86)/gnu tools arm embedded/5.4 2016q2/bin/../lib/gcc/arm-none-eabi/5.4.1/armv7-m/crti.o
LOAD c:/program files (x86)/gnu tools arm embedded/5.4 2016q2/bin/../lib/gcc/arm-none-eabi/5.4.1/armv7-m/crtbegin.o
LOAD c:/program files (x86)/gnu tools arm embedded/5.4 2016q2/bin/../lib/gcc/arm-none-eabi/5.4.1/../../../../arm-none-eabi/lib/armv7-m/crt0.o
                0x20005000                _estack = 0x20005000
                0x00000200                _Min_Heap_Size = 0x200
                0x00000400                _Min_Stack_Size = 0x400

.isr_vector     0x08000000      0x10c
                0x08000000                . = ALIGN (0x4)
 *(.isr_vector)
 .isr_vector    0x08000000      0x10c ..\obj\startup_stm32f103xb.o
                0x08000000                g_pfnVectors
                0x0800010c                . = ALIGN (0x4)

.text           0x08000110     0xbaa8
                0x08000110                . = ALIGN (0x4)
 *(.text)
 .text          0x08000110       0x5c c:/program files (x86)/gnu tools arm embedded/5.4 2016q2/bin/../lib/gcc/arm-none-eabi/5.4.1/armv7-m/crtbegin.o
 .text          0x0800016c      0xbd8 ..\obj\stm32f1xx_hal_dma.o
                0x0800016c                HAL_DMA_Init
                0x08000200                HAL_DMA_DeInit
                0x080003e0                HAL_DMA_Start
                0x08000444                HAL_DMA_Start_IT
                0x080004d8                HAL_DMA_Abort
                0x08000554                HAL_DMA_PollForTransfer
                0x080008e8                HAL_DMA_IRQHandler
                0x08000cc8                HAL_DMA_GetState
                0x08000ce0                HAL_DMA_GetError
 .text          0x08000d44     0x36a0 ..\obj\stm32f1xx_hal_i2c.o
                0x08000d44                HAL_I2C_Init
                0x08000e50                HAL_I2C_DeInit
                0x08000ed0                HAL_I2C_Master_Transmit
                0x0800106c                HAL_I2C_Master_Receive
                0x0800138c                HAL_I2C_Slave_Transmit
                0x08001550                HAL_I2C_Slave_Receive
                0x08001708                HAL_I2C_Master_Transmit_IT
                0x0800180c                HAL_I2C_Master_Receive_IT
                0x080019a0                HAL_I2C_Slave_Transmit_IT
                0x08001a6c                HAL_I2C_Slave_Receive_IT
                0x08001b38                HAL_I2C_Master_Transmit_DMA
                0x08001c68                HAL_I2C_Master_Receive_DMA
                0x08001dc4                HAL_I2C_Slave_Transmit_DMA
                0x08001f34                HAL_I2C_Slave_Receive_DMA
                0x08002058                HAL_I2C_Mem_Write
                0x080021f4                HAL_I2C_Mem_Read
                0x08002520                HAL_I2C_Mem_Write_IT
                0x08002620                HAL_I2C_Mem_Read_IT
                0x080027c0                HAL_I2C_Mem_Write_DMA
                0x080028ec                HAL_I2C_Mem_Read_DMA
                0x08002a54                HAL_I2C_IsDeviceReady
                0x08002c78                HAL_I2C_EV_IRQHandler
                0x08002f6c                HAL_I2C_ER_IRQHandler
                0x08003154                HAL_I2C_MasterTxCpltCallback
                0x08003168                HAL_I2C_MasterRxCpltCallback
                0x0800317c                HAL_I2C_SlaveTxCpltCallback
                0x08003190                HAL_I2C_SlaveRxCpltCallback
                0x080031a4                HAL_I2C_MemTxCpltCallback
                0x080031b8                HAL_I2C_MemRxCpltCallback
                0x080031cc                HAL_I2C_ErrorCallback
                0x080031e0                HAL_I2C_GetState
                0x080031fc                HAL_I2C_GetError
 .text          0x080043e4      0x140 ..\obj\system_stm32f1xx.o
                0x080043e4                SystemInit
                0x0800444c                SystemCoreClockUpdate
 .text          0x08004524      0x51c ..\obj\stm32f1xx_hal_cortex.o
                0x08004890                HAL_NVIC_SetPriorityGrouping
                0x080048a8                HAL_NVIC_SetPriority
                0x080048e0                HAL_NVIC_EnableIRQ
                0x080048fc                HAL_NVIC_DisableIRQ
                0x08004918                HAL_NVIC_SystemReset
                0x08004924                HAL_SYSTICK_Config
                0x0800493c                HAL_NVIC_GetPriorityGrouping
                0x0800494c                HAL_NVIC_GetPriority
                0x08004978                HAL_NVIC_SetPendingIRQ
                0x08004994                HAL_NVIC_GetPendingIRQ
                0x080049b4                HAL_NVIC_ClearPendingIRQ
                0x080049d0                HAL_NVIC_GetActive
                0x080049f0                HAL_SYSTICK_CLKSourceConfig
                0x08004a28                HAL_SYSTICK_IRQHandler
                0x08004a34                HAL_SYSTICK_Callback
 .text          0x08004a40      0x558 ..\obj\stm32f1xx_hal_gpio.o
                0x08004a40                HAL_GPIO_Init
                0x08004cfc                HAL_GPIO_DeInit
                0x08004e80                HAL_GPIO_ReadPin
                0x08004eb0                HAL_GPIO_WritePin
                0x08004ee0                HAL_GPIO_TogglePin
                0x08004f04                HAL_GPIO_LockPin
                0x08004f54                HAL_GPIO_EXTI_IRQHandler
                0x08004f84                HAL_GPIO_EXTI_Callback
 .text          0x08004f98      0x248 ..\obj\stm32f1xx_hal.o
                0x08004f98                HAL_Init
                0x08004fc4                HAL_DeInit
                0x08005000                HAL_MspDeInit
                0x0800500c                HAL_InitTick
                0x08005044                HAL_IncTick
                0x08005060                HAL_GetTick
                0x08005074                HAL_Delay
                0x080050a0                HAL_SuspendTick
                0x080050bc                HAL_ResumeTick
                0x080050d8                HAL_GetHalVersion
                0x080050ec                HAL_GetREVID
                0x08005120                HAL_GetDEVID
                0x08005138                HAL_DBGMCU_EnableDBGSleepMode
                0x08005154                HAL_DBGMCU_DisableDBGSleepMode
                0x08005170                HAL_DBGMCU_EnableDBGStopMode
                0x0800518c                HAL_DBGMCU_DisableDBGStopMode
                0x080051a8                HAL_DBGMCU_EnableDBGStandbyMode
                0x080051c4                HAL_DBGMCU_DisableDBGStandbyMode
 .text          0x080051e0      0x100 ..\obj\stm32f1xx_it.o
                0x080051e0                NMI_Handler
                0x080051ec                HardFault_Handler
                0x080051f4                MemManage_Handler
                0x080051fc                BusFault_Handler
                0x08005204                UsageFault_Handler
                0x0800520c                SVC_Handler
                0x08005218                DebugMon_Handler
                0x08005224                PendSV_Handler
                0x08005230                SysTick_Handler
                0x08005240                EXTI9_5_IRQHandler
                0x08005290                EXTI15_10_IRQHandler
 .text          0x080052e0       0xf0 ..\obj\syscalls.o
                0x080052e0                _sbrk
                0x0800531c                link
                0x08005334                _close
                0x0800534c                _fstat
                0x0800536c                _isatty
                0x08005380                _lseek
                0x08005398                _read
                0x080053b0                _write
                0x080053c8                abort
 .text          0x080053d0      0x20c ..\obj\main.o
                0x080053d0                main
                0x08005454                SystemClock_Config
                0x080055d4                Error_Handler
 .text          0x080055dc      0x2dc ..\obj\lcd.o
                0x080055dc                sendData
                0x08005654                initLCD
                0x08005744                writeLCD
                0x08005794                writeStringLCD
                0x080057d0                moveXY
                0x08005858                moveDisplayRight
                0x08005888                moveDisplayLeft
 .text          0x080058b8      0x12c ..\obj\stm32f1xx_hal_msp.o
                0x080058b8                HAL_MspInit
                0x08005950                HAL_I2C_MspInit
                0x080059a8                HAL_I2C_MspDeInit
 .text          0x080059e4     0x1640 ..\obj\stm32f1xx_hal_rcc.o
                0x080059e4                HAL_RCC_DeInit
                0x08005a60                HAL_RCC_OscConfig
                0x080068a0                HAL_RCC_ClockConfig
                0x08006c18                HAL_RCC_MCOConfig
                0x08006c88                HAL_RCC_EnableCSS
                0x08006cbc                HAL_RCC_DisableCSS
                0x08006cf0                HAL_RCC_GetSysClockFreq
                0x08006de4                HAL_RCC_GetHCLKFreq
                0x08006df8                HAL_RCC_GetPCLK1Freq
                0x08006e3c                HAL_RCC_GetPCLK2Freq
                0x08006e80                HAL_RCC_GetOscConfig
                0x08006f90                HAL_RCC_GetClockConfig
                0x08006ff0                HAL_RCC_NMI_IRQHandler
                0x08007018                HAL_RCC_CSSCallback
 .text          0x08007024       0xec c:/program files (x86)/gnu tools arm embedded/5.4 2016q2/bin/../lib/gcc/arm-none-eabi/5.4.1/../../../../arm-none-eabi/lib/armv7-m\libg.a(lib_a-memcpy.o)
                0x08007024                memcpy
 .text          0x08007110      0x370 c:/program files (x86)/gnu tools arm embedded/5.4 2016q2/bin/../lib/gcc/arm-none-eabi/5.4.1/armv7-m\libgcc.a(_arm_addsubdf3.o)
                0x08007110                __aeabi_drsub
                0x08007118                __aeabi_dsub
                0x08007118                __subdf3
                0x0800711c                __aeabi_dadd
                0x0800711c                __adddf3
                0x08007394                __floatunsidf
                0x08007394                __aeabi_ui2d
                0x080073b4                __floatsidf
                0x080073b4                __aeabi_i2d
                0x080073d8                __aeabi_f2d
                0x080073d8                __extendsfdf2
                0x08007414                __floatundidf
                0x08007414                __aeabi_ul2d
                0x08007424                __floatdidf
                0x08007424                __aeabi_l2d
 .text          0x08007480      0x424 c:/program files (x86)/gnu tools arm embedded/5.4 2016q2/bin/../lib/gcc/arm-none-eabi/5.4.1/armv7-m\libgcc.a(_arm_muldivdf3.o)
                0x08007480                __aeabi_dmul
                0x08007480                __muldf3
                0x080076d4                __divdf3
                0x080076d4                __aeabi_ddiv
 .text          0x080078a4      0x110 c:/program files (x86)/gnu tools arm embedded/5.4 2016q2/bin/../lib/gcc/arm-none-eabi/5.4.1/armv7-m\libgcc.a(_arm_cmpdf2.o)
                0x080078a4                __gtdf2
                0x080078a4                __gedf2
                0x080078ac                __ltdf2
                0x080078ac                __ledf2
                0x080078b4                __nedf2
                0x080078b4                __eqdf2
                0x080078b4                __cmpdf2
                0x08007930                __aeabi_cdrcmple
                0x08007940                __aeabi_cdcmpeq
                0x08007940                __aeabi_cdcmple
                0x08007950                __aeabi_dcmpeq
                0x08007964                __aeabi_dcmplt
                0x08007978                __aeabi_dcmple
                0x0800798c                __aeabi_dcmpge
                0x080079a0                __aeabi_dcmpgt
 .text          0x080079b4       0x2c c:/program files (x86)/gnu tools arm embedded/5.4 2016q2/bin/../lib/gcc/arm-none-eabi/5.4.1/armv7-m\libgcc.a(_arm_unorddf2.o)
                0x080079b4                __unorddf2
                0x080079b4                __aeabi_dcmpun
 .text          0x080079e0       0x50 c:/program files (x86)/gnu tools arm embedded/5.4 2016q2/bin/../lib/gcc/arm-none-eabi/5.4.1/armv7-m\libgcc.a(_arm_fixdfsi.o)
                0x080079e0                __aeabi_d2iz
                0x080079e0                __fixdfsi
 .text          0x08007a30       0x30 c:/program files (x86)/gnu tools arm embedded/5.4 2016q2/bin/../lib/gcc/arm-none-eabi/5.4.1/armv7-m\libgcc.a(_aeabi_uldivmod.o)
                0x08007a30                __aeabi_uldivmod
 .text          0x08007a60      0x2ec c:/program files (x86)/gnu tools arm embedded/5.4 2016q2/bin/../lib/gcc/arm-none-eabi/5.4.1/armv7-m\libgcc.a(_udivmoddi4.o)
                0x08007a60                __udivmoddi4
 .text          0x08007d4c        0x4 c:/program files (x86)/gnu tools arm embedded/5.4 2016q2/bin/../lib/gcc/arm-none-eabi/5.4.1/armv7-m\libgcc.a(_dvmd_tls.o)
                0x08007d4c                __aeabi_idiv0
                0x08007d4c                __aeabi_ldiv0
 *(.text*)
 .text.__libc_init_array
                0x08007d50       0x50 c:/program files (x86)/gnu tools arm embedded/5.4 2016q2/bin/../lib/gcc/arm-none-eabi/5.4.1/../../../../arm-none-eabi/lib/armv7-m\libc.a(lib_a-init.o)
                0x08007d50                __libc_init_array
 .text.memset   0x08007da0       0x9c c:/program files (x86)/gnu tools arm embedded/5.4 2016q2/bin/../lib/gcc/arm-none-eabi/5.4.1/../../../../arm-none-eabi/lib/armv7-m\libc.a(lib_a-memset.o)
                0x08007da0                memset
 .text.startup.register_fini
                0x08007e3c       0x14 c:/program files (x86)/gnu tools arm embedded/5.4 2016q2/bin/../lib/gcc/arm-none-eabi/5.4.1/../../../../arm-none-eabi/lib/armv7-m\libc.a(lib_a-__call_atexit.o)
 .text.atexit   0x08007e50        0xc c:/program files (x86)/gnu tools arm embedded/5.4 2016q2/bin/../lib/gcc/arm-none-eabi/5.4.1/../../../../arm-none-eabi/lib/armv7-m\libc.a(lib_a-atexit.o)
                0x08007e50                atexit
 .text.__libc_fini_array
                0x08007e5c       0x28 c:/program files (x86)/gnu tools arm embedded/5.4 2016q2/bin/../lib/gcc/arm-none-eabi/5.4.1/../../../../arm-none-eabi/lib/armv7-m\libc.a(lib_a-fini.o)
                0x08007e5c                __libc_fini_array
 .text.__register_exitproc
                0x08007e84       0xa4 c:/program files (x86)/gnu tools arm embedded/5.4 2016q2/bin/../lib/gcc/arm-none-eabi/5.4.1/../../../../arm-none-eabi/lib/armv7-m\libc.a(lib_a-__atexit.o)
                0x08007e84                __register_exitproc
 .text.Reset_Handler
                0x08007f28       0x48 ..\obj\startup_stm32f103xb.o
                0x08007f28                Reset_Handler
 .text.Default_Handler
                0x08007f70        0x2 ..\obj\startup_stm32f103xb.o
                0x08007f70                RTC_Alarm_IRQHandler
                0x08007f70                EXTI2_IRQHandler
                0x08007f70                TIM1_CC_IRQHandler
                0x08007f70                PVD_IRQHandler
                0x08007f70                EXTI3_IRQHandler
                0x08007f70                EXTI0_IRQHandler
                0x08007f70                I2C2_EV_IRQHandler
                0x08007f70                ADC1_2_IRQHandler
                0x08007f70                SPI1_IRQHandler
                0x08007f70                TAMPER_IRQHandler
                0x08007f70                DMA1_Channel4_IRQHandler
                0x08007f70                USART3_IRQHandler
                0x08007f70                RTC_IRQHandler
                0x08007f70                DMA1_Channel7_IRQHandler
                0x08007f70                CAN1_RX1_IRQHandler
                0x08007f70                TIM4_IRQHandler
                0x08007f70                I2C1_EV_IRQHandler
                0x08007f70                DMA1_Channel6_IRQHandler
                0x08007f70                TIM3_IRQHandler
                0x08007f70                RCC_IRQHandler
                0x08007f70                TIM1_TRG_COM_IRQHandler
                0x08007f70                DMA1_Channel1_IRQHandler
                0x08007f70                Default_Handler
                0x08007f70                SPI2_IRQHandler
                0x08007f70                DMA1_Channel5_IRQHandler
                0x08007f70                EXTI4_IRQHandler
                0x08007f70                USB_LP_CAN1_RX0_IRQHandler
                0x08007f70                USB_HP_CAN1_TX_IRQHandler
                0x08007f70                DMA1_Channel3_IRQHandler
                0x08007f70                TIM1_UP_IRQHandler
                0x08007f70                WWDG_IRQHandler
                0x08007f70                TIM2_IRQHandler
                0x08007f70                TIM1_BRK_IRQHandler
                0x08007f70                EXTI1_IRQHandler
                0x08007f70                USART2_IRQHandler
                0x08007f70                I2C2_ER_IRQHandler
                0x08007f70                DMA1_Channel2_IRQHandler
                0x08007f70                CAN1_SCE_IRQHandler
                0x08007f70                FLASH_IRQHandler
                0x08007f70                USART1_IRQHandler
                0x08007f70                I2C1_ER_IRQHandler
                0x08007f70                USBWakeUp_IRQHandler
 *fill*         0x08007f72        0x2 
 .text.sprintf  0x08007f74       0x4c c:/program files (x86)/gnu tools arm embedded/5.4 2016q2/bin/../lib/gcc/arm-none-eabi/5.4.1/../../../../arm-none-eabi/lib/armv7-m\libg.a(lib_a-sprintf.o)
                0x08007f74                sprintf
 .text.strlen   0x08007fc0       0x5c c:/program files (x86)/gnu tools arm embedded/5.4 2016q2/bin/../lib/gcc/arm-none-eabi/5.4.1/../../../../arm-none-eabi/lib/armv7-m\libg.a(lib_a-strlen-stub.o)
                0x08007fc0                strlen
 .text._svfprintf_r
                0x0800801c     0x175c c:/program files (x86)/gnu tools arm embedded/5.4 2016q2/bin/../lib/gcc/arm-none-eabi/5.4.1/../../../../arm-none-eabi/lib/armv7-m\libg.a(lib_a-svfprintf.o)
                0x0800801c                _svfprintf_r
 .text.quorem   0x08009778      0x12c c:/program files (x86)/gnu tools arm embedded/5.4 2016q2/bin/../lib/gcc/arm-none-eabi/5.4.1/../../../../arm-none-eabi/lib/armv7-m\libg.a(lib_a-dtoa.o)
 *fill*         0x080098a4        0x4 
 .text._dtoa_r  0x080098a8      0xe4c c:/program files (x86)/gnu tools arm embedded/5.4 2016q2/bin/../lib/gcc/arm-none-eabi/5.4.1/../../../../arm-none-eabi/lib/armv7-m\libg.a(lib_a-dtoa.o)
                0x080098a8                _dtoa_r
 .text._localeconv_r
                0x0800a6f4        0x8 c:/program files (x86)/gnu tools arm embedded/5.4 2016q2/bin/../lib/gcc/arm-none-eabi/5.4.1/../../../../arm-none-eabi/lib/armv7-m\libg.a(lib_a-locale.o)
                0x0800a6f4                _localeconv_r
 .text._malloc_r
                0x0800a6fc      0x558 c:/program files (x86)/gnu tools arm embedded/5.4 2016q2/bin/../lib/gcc/arm-none-eabi/5.4.1/../../../../arm-none-eabi/lib/armv7-m\libg.a(lib_a-mallocr.o)
                0x0800a6fc                _malloc_r
 .text.memchr   0x0800ac54       0x8c c:/program files (x86)/gnu tools arm embedded/5.4 2016q2/bin/../lib/gcc/arm-none-eabi/5.4.1/../../../../arm-none-eabi/lib/armv7-m\libg.a(lib_a-memchr-stub.o)
                0x0800ac54                memchr
 .text.__malloc_lock
                0x0800ace0        0x4 c:/program files (x86)/gnu tools arm embedded/5.4 2016q2/bin/../lib/gcc/arm-none-eabi/5.4.1/../../../../arm-none-eabi/lib/armv7-m\libg.a(lib_a-mlock.o)
                0x0800ace0                __malloc_lock
 .text.__malloc_unlock
                0x0800ace4        0x4 c:/program files (x86)/gnu tools arm embedded/5.4 2016q2/bin/../lib/gcc/arm-none-eabi/5.4.1/../../../../arm-none-eabi/lib/armv7-m\libg.a(lib_a-mlock.o)
                0x0800ace4                __malloc_unlock
 .text._Balloc  0x0800ace8       0x50 c:/program files (x86)/gnu tools arm embedded/5.4 2016q2/bin/../lib/gcc/arm-none-eabi/5.4.1/../../../../arm-none-eabi/lib/armv7-m\libg.a(lib_a-mprec.o)
                0x0800ace8                _Balloc
 .text._Bfree   0x0800ad38       0x14 c:/program files (x86)/gnu tools arm embedded/5.4 2016q2/bin/../lib/gcc/arm-none-eabi/5.4.1/../../../../arm-none-eabi/lib/armv7-m\libg.a(lib_a-mprec.o)
                0x0800ad38                _Bfree
 .text.__multadd
                0x0800ad4c       0x80 c:/program files (x86)/gnu tools arm embedded/5.4 2016q2/bin/../lib/gcc/arm-none-eabi/5.4.1/../../../../arm-none-eabi/lib/armv7-m\libg.a(lib_a-mprec.o)
                0x0800ad4c                __multadd
 .text.__hi0bits
                0x0800adcc       0x40 c:/program files (x86)/gnu tools arm embedded/5.4 2016q2/bin/../lib/gcc/arm-none-eabi/5.4.1/../../../../arm-none-eabi/lib/armv7-m\libg.a(lib_a-mprec.o)
                0x0800adcc                __hi0bits
 .text.__lo0bits
                0x0800ae0c       0x5c c:/program files (x86)/gnu tools arm embedded/5.4 2016q2/bin/../lib/gcc/arm-none-eabi/5.4.1/../../../../arm-none-eabi/lib/armv7-m\libg.a(lib_a-mprec.o)
                0x0800ae0c                __lo0bits
 .text.__i2b    0x0800ae68       0x14 c:/program files (x86)/gnu tools arm embedded/5.4 2016q2/bin/../lib/gcc/arm-none-eabi/5.4.1/../../../../arm-none-eabi/lib/armv7-m\libg.a(lib_a-mprec.o)
                0x0800ae68                __i2b
 .text.__multiply
                0x0800ae7c      0x13c c:/program files (x86)/gnu tools arm embedded/5.4 2016q2/bin/../lib/gcc/arm-none-eabi/5.4.1/../../../../arm-none-eabi/lib/armv7-m\libg.a(lib_a-mprec.o)
                0x0800ae7c                __multiply
 .text.__pow5mult
                0x0800afb8       0xa0 c:/program files (x86)/gnu tools arm embedded/5.4 2016q2/bin/../lib/gcc/arm-none-eabi/5.4.1/../../../../arm-none-eabi/lib/armv7-m\libg.a(lib_a-mprec.o)
                0x0800afb8                __pow5mult
 .text.__lshift
                0x0800b058       0xac c:/program files (x86)/gnu tools arm embedded/5.4 2016q2/bin/../lib/gcc/arm-none-eabi/5.4.1/../../../../arm-none-eabi/lib/armv7-m\libg.a(lib_a-mprec.o)
                0x0800b058                __lshift
 .text.__mcmp   0x0800b104       0x40 c:/program files (x86)/gnu tools arm embedded/5.4 2016q2/bin/../lib/gcc/arm-none-eabi/5.4.1/../../../../arm-none-eabi/lib/armv7-m\libg.a(lib_a-mprec.o)
                0x0800b104                __mcmp
 .text.__mdiff  0x0800b144      0x128 c:/program files (x86)/gnu tools arm embedded/5.4 2016q2/bin/../lib/gcc/arm-none-eabi/5.4.1/../../../../arm-none-eabi/lib/armv7-m\libg.a(lib_a-mprec.o)
                0x0800b144                __mdiff
 .text.__d2b    0x0800b26c       0xa8 c:/program files (x86)/gnu tools arm embedded/5.4 2016q2/bin/../lib/gcc/arm-none-eabi/5.4.1/../../../../arm-none-eabi/lib/armv7-m\libg.a(lib_a-mprec.o)
                0x0800b26c                __d2b
 .text._sbrk_r  0x0800b314       0x24 c:/program files (x86)/gnu tools arm embedded/5.4 2016q2/bin/../lib/gcc/arm-none-eabi/5.4.1/../../../../arm-none-eabi/lib/armv7-m\libg.a(lib_a-sbrkr.o)
                0x0800b314                _sbrk_r
 .text.__ssprint_r
                0x0800b338      0x100 c:/program files (x86)/gnu tools arm embedded/5.4 2016q2/bin/../lib/gcc/arm-none-eabi/5.4.1/../../../../arm-none-eabi/lib/armv7-m\libg.a(lib_a-svfiprintf.o)
                0x0800b338                __ssprint_r
 .text._calloc_r
                0x0800b438       0x60 c:/program files (x86)/gnu tools arm embedded/5.4 2016q2/bin/../lib/gcc/arm-none-eabi/5.4.1/../../../../arm-none-eabi/lib/armv7-m\libg.a(lib_a-callocr.o)
                0x0800b438                _calloc_r
 .text._malloc_trim_r
                0x0800b498       0x9c c:/program files (x86)/gnu tools arm embedded/5.4 2016q2/bin/../lib/gcc/arm-none-eabi/5.4.1/../../../../arm-none-eabi/lib/armv7-m\libg.a(lib_a-freer.o)
                0x0800b498                _malloc_trim_r
 .text._free_r  0x0800b534      0x1d0 c:/program files (x86)/gnu tools arm embedded/5.4 2016q2/bin/../lib/gcc/arm-none-eabi/5.4.1/../../../../arm-none-eabi/lib/armv7-m\libg.a(lib_a-freer.o)
                0x0800b534                _free_r
 .text.memmove  0x0800b704       0xc8 c:/program files (x86)/gnu tools arm embedded/5.4 2016q2/bin/../lib/gcc/arm-none-eabi/5.4.1/../../../../arm-none-eabi/lib/armv7-m\libg.a(lib_a-memmove.o)
                0x0800b704                memmove
 .text._realloc_r
                0x0800b7cc      0x3d4 c:/program files (x86)/gnu tools arm embedded/5.4 2016q2/bin/../lib/gcc/arm-none-eabi/5.4.1/../../../../arm-none-eabi/lib/armv7-m\libg.a(lib_a-reallocr.o)
                0x0800b7cc                _realloc_r
 *(.glue_7)
 .glue_7        0x0800bba0        0x0 linker stubs
 *(.glue_7t)
 .glue_7t       0x0800bba0        0x0 linker stubs
 *(.eh_frame)
 .eh_frame      0x0800bba0        0x0 c:/program files (x86)/gnu tools arm embedded/5.4 2016q2/bin/../lib/gcc/arm-none-eabi/5.4.1/armv7-m/crtbegin.o
 *(.init)
 .init          0x0800bba0        0x4 c:/program files (x86)/gnu tools arm embedded/5.4 2016q2/bin/../lib/gcc/arm-none-eabi/5.4.1/armv7-m/crti.o
                0x0800bba0                _init
 .init          0x0800bba4        0x8 c:/program files (x86)/gnu tools arm embedded/5.4 2016q2/bin/../lib/gcc/arm-none-eabi/5.4.1/armv7-m/crtn.o
 *(.fini)
 .fini          0x0800bbac        0x4 c:/program files (x86)/gnu tools arm embedded/5.4 2016q2/bin/../lib/gcc/arm-none-eabi/5.4.1/armv7-m/crti.o
                0x0800bbac                _fini
 .fini          0x0800bbb0        0x8 c:/program files (x86)/gnu tools arm embedded/5.4 2016q2/bin/../lib/gcc/arm-none-eabi/5.4.1/armv7-m/crtn.o
                0x0800bbb8                . = ALIGN (0x4)
                0x0800bbb8                _etext = .

.vfp11_veneer   0x0800bbb8        0x0
 .vfp11_veneer  0x0800bbb8        0x0 linker stubs

.v4_bx          0x0800bbb8        0x0
 .v4_bx         0x0800bbb8        0x0 linker stubs

.iplt           0x0800bbb8        0x0
 .iplt          0x0800bbb8        0x0 c:/program files (x86)/gnu tools arm embedded/5.4 2016q2/bin/../lib/gcc/arm-none-eabi/5.4.1/armv7-m/crtbegin.o

.rodata         0x0800bbb8      0x1c4
                0x0800bbb8                . = ALIGN (0x4)
 *(.rodata)
 .rodata        0x0800bbb8       0x18 ..\obj\system_stm32f1xx.o
                0x0800bbb8                AHBPrescTable
                0x0800bbc8                APBPrescTable
 .rodata        0x0800bbd0        0xe ..\obj\main.o
 *fill*         0x0800bbde        0x2 
 .rodata        0x0800bbe0       0x12 ..\obj\stm32f1xx_hal_rcc.o
 *(.rodata*)
 *fill*         0x0800bbf2        0x2 
 .rodata.str1.4
                0x0800bbf4        0x2 c:/program files (x86)/gnu tools arm embedded/5.4 2016q2/bin/../lib/gcc/arm-none-eabi/5.4.1/../../../../arm-none-eabi/lib/armv7-m\libc.a(lib_a-impure.o)
 *fill*         0x0800bbf6        0x2 
 .rodata._global_impure_ptr
                0x0800bbf8        0x4 c:/program files (x86)/gnu tools arm embedded/5.4 2016q2/bin/../lib/gcc/arm-none-eabi/5.4.1/../../../../arm-none-eabi/lib/armv7-m\libc.a(lib_a-impure.o)
                0x0800bbf8                _global_impure_ptr
 .rodata.blanks.7055
                0x0800bbfc       0x10 c:/program files (x86)/gnu tools arm embedded/5.4 2016q2/bin/../lib/gcc/arm-none-eabi/5.4.1/../../../../arm-none-eabi/lib/armv7-m\libg.a(lib_a-svfprintf.o)
 .rodata.str1.4
                0x0800bc0c       0x42 c:/program files (x86)/gnu tools arm embedded/5.4 2016q2/bin/../lib/gcc/arm-none-eabi/5.4.1/../../../../arm-none-eabi/lib/armv7-m\libg.a(lib_a-svfprintf.o)
 *fill*         0x0800bc4e        0x2 
 .rodata.zeroes.7056
                0x0800bc50       0x10 c:/program files (x86)/gnu tools arm embedded/5.4 2016q2/bin/../lib/gcc/arm-none-eabi/5.4.1/../../../../arm-none-eabi/lib/armv7-m\libg.a(lib_a-svfprintf.o)
 .rodata.str1.4
                0x0800bc60       0x10 c:/program files (x86)/gnu tools arm embedded/5.4 2016q2/bin/../lib/gcc/arm-none-eabi/5.4.1/../../../../arm-none-eabi/lib/armv7-m\libg.a(lib_a-dtoa.o)
                                 0x12 (size before relaxing)
 .rodata.str1.4
                0x0800bc70        0xc c:/program files (x86)/gnu tools arm embedded/5.4 2016q2/bin/../lib/gcc/arm-none-eabi/5.4.1/../../../../arm-none-eabi/lib/armv7-m\libg.a(lib_a-locale.o)
                                 0x12 (size before relaxing)
 *fill*         0x0800bc7c        0x4 
 .rodata.__mprec_tens
                0x0800bc80       0xc8 c:/program files (x86)/gnu tools arm embedded/5.4 2016q2/bin/../lib/gcc/arm-none-eabi/5.4.1/../../../../arm-none-eabi/lib/armv7-m\libg.a(lib_a-mprec.o)
                0x0800bc80                __mprec_tens
 .rodata.__mprec_bigtens
                0x0800bd48       0x28 c:/program files (x86)/gnu tools arm embedded/5.4 2016q2/bin/../lib/gcc/arm-none-eabi/5.4.1/../../../../arm-none-eabi/lib/armv7-m\libg.a(lib_a-mprec.o)
                0x0800bd48                __mprec_bigtens
 .rodata.p05.5396
                0x0800bd70        0xc c:/program files (x86)/gnu tools arm embedded/5.4 2016q2/bin/../lib/gcc/arm-none-eabi/5.4.1/../../../../arm-none-eabi/lib/armv7-m\libg.a(lib_a-mprec.o)
                0x0800bd7c                . = ALIGN (0x4)

.ARM.extab
 *(.ARM.extab* .gnu.linkonce.armextab.*)

.ARM            0x0800bd7c        0x8
                0x0800bd7c                __exidx_start = .
 *(.ARM.exidx*)
 .ARM.exidx     0x0800bd7c        0x8 c:/program files (x86)/gnu tools arm embedded/5.4 2016q2/bin/../lib/gcc/arm-none-eabi/5.4.1/armv7-m\libgcc.a(_udivmoddi4.o)
                0x0800bd84                __exidx_end = .

.rel.dyn        0x0800bd84        0x0
 .rel.iplt      0x0800bd84        0x0 c:/program files (x86)/gnu tools arm embedded/5.4 2016q2/bin/../lib/gcc/arm-none-eabi/5.4.1/armv7-m/crtbegin.o

.preinit_array  0x0800bd84        0x0
                0x0800bd84                PROVIDE (__preinit_array_start, .)
 *(.preinit_array*)
                0x0800bd84                PROVIDE (__preinit_array_end, .)

.init_array     0x0800bd84        0x8
                0x0800bd84                PROVIDE (__init_array_start, .)
 *(SORT(.init_array.*))
 .init_array.00000
                0x0800bd84        0x4 c:/program files (x86)/gnu tools arm embedded/5.4 2016q2/bin/../lib/gcc/arm-none-eabi/5.4.1/../../../../arm-none-eabi/lib/armv7-m\libc.a(lib_a-__call_atexit.o)
 *(.init_array*)
 .init_array    0x0800bd88        0x4 c:/program files (x86)/gnu tools arm embedded/5.4 2016q2/bin/../lib/gcc/arm-none-eabi/5.4.1/armv7-m/crtbegin.o
                0x0800bd8c                PROVIDE (__init_array_end, .)

.fini_array     0x0800bd8c        0x4
                0x0800bd8c                PROVIDE (__fini_array_start, .)
 *(SORT(.fini_array.*))
 *(.fini_array*)
 .fini_array    0x0800bd8c        0x4 c:/program files (x86)/gnu tools arm embedded/5.4 2016q2/bin/../lib/gcc/arm-none-eabi/5.4.1/armv7-m/crtbegin.o
                0x0800bd90                PROVIDE (__fini_array_end, .)
                0x0800bd90                _sidata = LOADADDR (.data)

.data           0x20000000      0x87c load address 0x0800bd90
                0x20000000                . = ALIGN (0x4)
                0x20000000                _sdata = .
 *(.data)
 .data          0x20000000        0x4 ..\obj\system_stm32f1xx.o
                0x20000000                SystemCoreClock
 *(.data*)
 *fill*         0x20000004        0x4 
 .data.impure_data
                0x20000008      0x428 c:/program files (x86)/gnu tools arm embedded/5.4 2016q2/bin/../lib/gcc/arm-none-eabi/5.4.1/../../../../arm-none-eabi/lib/armv7-m\libc.a(lib_a-impure.o)
 .data._impure_ptr
                0x20000430        0x4 c:/program files (x86)/gnu tools arm embedded/5.4 2016q2/bin/../lib/gcc/arm-none-eabi/5.4.1/../../../../arm-none-eabi/lib/armv7-m\libc.a(lib_a-impure.o)
                0x20000430                _impure_ptr
 .data.lconv    0x20000434       0x38 c:/program files (x86)/gnu tools arm embedded/5.4 2016q2/bin/../lib/gcc/arm-none-eabi/5.4.1/../../../../arm-none-eabi/lib/armv7-m\libg.a(lib_a-locale.o)
 .data.__malloc_av_
                0x2000046c      0x408 c:/program files (x86)/gnu tools arm embedded/5.4 2016q2/bin/../lib/gcc/arm-none-eabi/5.4.1/../../../../arm-none-eabi/lib/armv7-m\libg.a(lib_a-mallocr.o)
                0x2000046c                __malloc_av_
 .data.__malloc_trim_threshold
                0x20000874        0x4 c:/program files (x86)/gnu tools arm embedded/5.4 2016q2/bin/../lib/gcc/arm-none-eabi/5.4.1/../../../../arm-none-eabi/lib/armv7-m\libg.a(lib_a-mallocr.o)
                0x20000874                __malloc_trim_threshold
 .data.__malloc_sbrk_base
                0x20000878        0x4 c:/program files (x86)/gnu tools arm embedded/5.4 2016q2/bin/../lib/gcc/arm-none-eabi/5.4.1/../../../../arm-none-eabi/lib/armv7-m\libg.a(lib_a-mallocr.o)
                0x20000878                __malloc_sbrk_base
                0x2000087c                . = ALIGN (0x4)
                0x2000087c                _edata = .

.jcr            0x2000087c        0x0 load address 0x0800c60c
 .jcr           0x2000087c        0x0 c:/program files (x86)/gnu tools arm embedded/5.4 2016q2/bin/../lib/gcc/arm-none-eabi/5.4.1/armv7-m/crtbegin.o

.igot.plt       0x2000087c        0x0 load address 0x0800c60c
 .igot.plt      0x2000087c        0x0 c:/program files (x86)/gnu tools arm embedded/5.4 2016q2/bin/../lib/gcc/arm-none-eabi/5.4.1/armv7-m/crtbegin.o
                0x2000087c                . = ALIGN (0x4)

.bss            0x2000087c       0xa0 load address 0x0800c60c
                0x2000087c                _sbss = .
                0x2000087c                __bss_start__ = _sbss
 *(.bss)
 .bss           0x2000087c       0x1c c:/program files (x86)/gnu tools arm embedded/5.4 2016q2/bin/../lib/gcc/arm-none-eabi/5.4.1/armv7-m/crtbegin.o
 .bss           0x20000898        0x4 ..\obj\stm32f1xx_hal.o
 .bss           0x2000089c        0x4 ..\obj\syscalls.o
 *(.bss*)
 .bss.__malloc_max_total_mem
                0x200008a0        0x4 c:/program files (x86)/gnu tools arm embedded/5.4 2016q2/bin/../lib/gcc/arm-none-eabi/5.4.1/../../../../arm-none-eabi/lib/armv7-m\libg.a(lib_a-mallocr.o)
                0x200008a0                __malloc_max_total_mem
 .bss.__malloc_max_sbrked_mem
                0x200008a4        0x4 c:/program files (x86)/gnu tools arm embedded/5.4 2016q2/bin/../lib/gcc/arm-none-eabi/5.4.1/../../../../arm-none-eabi/lib/armv7-m\libg.a(lib_a-mallocr.o)
                0x200008a4                __malloc_max_sbrked_mem
 .bss.__malloc_top_pad
                0x200008a8        0x4 c:/program files (x86)/gnu tools arm embedded/5.4 2016q2/bin/../lib/gcc/arm-none-eabi/5.4.1/../../../../arm-none-eabi/lib/armv7-m\libg.a(lib_a-mallocr.o)
                0x200008a8                __malloc_top_pad
 .bss.__malloc_current_mallinfo
                0x200008ac       0x28 c:/program files (x86)/gnu tools arm embedded/5.4 2016q2/bin/../lib/gcc/arm-none-eabi/5.4.1/../../../../arm-none-eabi/lib/armv7-m\libg.a(lib_a-mallocr.o)
                0x200008ac                __malloc_current_mallinfo
 *(COMMON)
 COMMON         0x200008d4       0x44 ..\obj\main.o
                0x200008d4                hi2c1
                0x20000910                progtime
                0x20000914                count
 COMMON         0x20000918        0x4 c:/program files (x86)/gnu tools arm embedded/5.4 2016q2/bin/../lib/gcc/arm-none-eabi/5.4.1/../../../../arm-none-eabi/lib/armv7-m\libg.a(lib_a-reent.o)
                0x20000918                errno
                0x2000091c                . = ALIGN (0x4)
                0x2000091c                _ebss = .
                0x2000091c                __bss_end__ = _ebss

._user_heap_stack
                0x2000091c      0x604 load address 0x0800c60c
                0x20000920                . = ALIGN (0x8)
 *fill*         0x2000091c        0x4 
                [!provide]                PROVIDE (end, .)
                0x20000920                PROVIDE (_end, .)
                0x20000b20                . = (. + _Min_Heap_Size)
 *fill*         0x20000920      0x200 
                0x20000f20                . = (. + _Min_Stack_Size)
 *fill*         0x20000b20      0x400 
                0x20000f20                . = ALIGN (0x8)

/DISCARD/
 libc.a(*)
 libm.a(*)
 libgcc.a(*)

.ARM.attributes
                0x00000000       0x29
 *(.ARM.attributes)
 .ARM.attributes
                0x00000000       0x1d c:/program files (x86)/gnu tools arm embedded/5.4 2016q2/bin/../lib/gcc/arm-none-eabi/5.4.1/armv7-m/crti.o
 .ARM.attributes
                0x0000001d       0x2d c:/program files (x86)/gnu tools arm embedded/5.4 2016q2/bin/../lib/gcc/arm-none-eabi/5.4.1/armv7-m/crtbegin.o
 .ARM.attributes
                0x0000004a       0x33 ..\obj\stm32f1xx_hal_dma.o
 .ARM.attributes
                0x0000007d       0x33 ..\obj\stm32f1xx_hal_i2c.o
 .ARM.attributes
                0x000000b0       0x33 ..\obj\system_stm32f1xx.o
 .ARM.attributes
                0x000000e3       0x33 ..\obj\stm32f1xx_hal_cortex.o
 .ARM.attributes
                0x00000116       0x33 ..\obj\stm32f1xx_hal_gpio.o
 .ARM.attributes
                0x00000149       0x33 ..\obj\stm32f1xx_hal.o
 .ARM.attributes
                0x0000017c       0x33 ..\obj\stm32f1xx_it.o
 .ARM.attributes
                0x000001af       0x21 ..\obj\startup_stm32f103xb.o
 .ARM.attributes
                0x000001d0       0x33 ..\obj\syscalls.o
 .ARM.attributes
                0x00000203       0x33 ..\obj\main.o
 .ARM.attributes
                0x00000236       0x33 ..\obj\lcd.o
 .ARM.attributes
                0x00000269       0x33 ..\obj\stm32f1xx_hal_msp.o
 .ARM.attributes
                0x0000029c       0x33 ..\obj\stm32f1xx_hal_rcc.o
 .ARM.attributes
                0x000002cf       0x2d c:/program files (x86)/gnu tools arm embedded/5.4 2016q2/bin/../lib/gcc/arm-none-eabi/5.4.1/../../../../arm-none-eabi/lib/armv7-m\libg.a(lib_a-sprintf.o)
 .ARM.attributes
                0x000002fc       0x2d c:/program files (x86)/gnu tools arm embedded/5.4 2016q2/bin/../lib/gcc/arm-none-eabi/5.4.1/../../../../arm-none-eabi/lib/armv7-m\libg.a(lib_a-strlen-stub.o)
 .ARM.attributes
                0x00000329       0x2d c:/program files (x86)/gnu tools arm embedded/5.4 2016q2/bin/../lib/gcc/arm-none-eabi/5.4.1/../../../../arm-none-eabi/lib/armv7-m\libg.a(lib_a-svfprintf.o)
 .ARM.attributes
                0x00000356       0x2d c:/program files (x86)/gnu tools arm embedded/5.4 2016q2/bin/../lib/gcc/arm-none-eabi/5.4.1/../../../../arm-none-eabi/lib/armv7-m\libg.a(lib_a-dtoa.o)
 .ARM.attributes
                0x00000383       0x2d c:/program files (x86)/gnu tools arm embedded/5.4 2016q2/bin/../lib/gcc/arm-none-eabi/5.4.1/../../../../arm-none-eabi/lib/armv7-m\libg.a(lib_a-locale.o)
 .ARM.attributes
                0x000003b0       0x2d c:/program files (x86)/gnu tools arm embedded/5.4 2016q2/bin/../lib/gcc/arm-none-eabi/5.4.1/../../../../arm-none-eabi/lib/armv7-m\libg.a(lib_a-mallocr.o)
 .ARM.attributes
                0x000003dd       0x2d c:/program files (x86)/gnu tools arm embedded/5.4 2016q2/bin/../lib/gcc/arm-none-eabi/5.4.1/../../../../arm-none-eabi/lib/armv7-m\libg.a(lib_a-memchr-stub.o)
 .ARM.attributes
                0x0000040a       0x1b c:/program files (x86)/gnu tools arm embedded/5.4 2016q2/bin/../lib/gcc/arm-none-eabi/5.4.1/../../../../arm-none-eabi/lib/armv7-m\libg.a(lib_a-memcpy.o)
 .ARM.attributes
                0x00000425       0x2d c:/program files (x86)/gnu tools arm embedded/5.4 2016q2/bin/../lib/gcc/arm-none-eabi/5.4.1/../../../../arm-none-eabi/lib/armv7-m\libg.a(lib_a-mlock.o)
 .ARM.attributes
                0x00000452       0x2d c:/program files (x86)/gnu tools arm embedded/5.4 2016q2/bin/../lib/gcc/arm-none-eabi/5.4.1/../../../../arm-none-eabi/lib/armv7-m\libg.a(lib_a-mprec.o)
 .ARM.attributes
                0x0000047f       0x2d c:/program files (x86)/gnu tools arm embedded/5.4 2016q2/bin/../lib/gcc/arm-none-eabi/5.4.1/../../../../arm-none-eabi/lib/armv7-m\libg.a(lib_a-sbrkr.o)
 .ARM.attributes
                0x000004ac       0x2d c:/program files (x86)/gnu tools arm embedded/5.4 2016q2/bin/../lib/gcc/arm-none-eabi/5.4.1/../../../../arm-none-eabi/lib/armv7-m\libg.a(lib_a-svfiprintf.o)
 .ARM.attributes
                0x000004d9       0x2d c:/program files (x86)/gnu tools arm embedded/5.4 2016q2/bin/../lib/gcc/arm-none-eabi/5.4.1/../../../../arm-none-eabi/lib/armv7-m\libg.a(lib_a-callocr.o)
 .ARM.attributes
                0x00000506       0x2d c:/program files (x86)/gnu tools arm embedded/5.4 2016q2/bin/../lib/gcc/arm-none-eabi/5.4.1/../../../../arm-none-eabi/lib/armv7-m\libg.a(lib_a-freer.o)
 .ARM.attributes
                0x00000533       0x2d c:/program files (x86)/gnu tools arm embedded/5.4 2016q2/bin/../lib/gcc/arm-none-eabi/5.4.1/../../../../arm-none-eabi/lib/armv7-m\libg.a(lib_a-memmove.o)
 .ARM.attributes
                0x00000560       0x2d c:/program files (x86)/gnu tools arm embedded/5.4 2016q2/bin/../lib/gcc/arm-none-eabi/5.4.1/../../../../arm-none-eabi/lib/armv7-m\libg.a(lib_a-reallocr.o)
 .ARM.attributes
                0x0000058d       0x2d c:/program files (x86)/gnu tools arm embedded/5.4 2016q2/bin/../lib/gcc/arm-none-eabi/5.4.1/../../../../arm-none-eabi/lib/armv7-m\libg.a(lib_a-reent.o)
 .ARM.attributes
                0x000005ba       0x1d c:/program files (x86)/gnu tools arm embedded/5.4 2016q2/bin/../lib/gcc/arm-none-eabi/5.4.1/armv7-m\libgcc.a(_arm_addsubdf3.o)
 .ARM.attributes
                0x000005d7       0x1d c:/program files (x86)/gnu tools arm embedded/5.4 2016q2/bin/../lib/gcc/arm-none-eabi/5.4.1/armv7-m\libgcc.a(_arm_muldivdf3.o)
 .ARM.attributes
                0x000005f4       0x1d c:/program files (x86)/gnu tools arm embedded/5.4 2016q2/bin/../lib/gcc/arm-none-eabi/5.4.1/armv7-m\libgcc.a(_arm_cmpdf2.o)
 .ARM.attributes
                0x00000611       0x1d c:/program files (x86)/gnu tools arm embedded/5.4 2016q2/bin/../lib/gcc/arm-none-eabi/5.4.1/armv7-m\libgcc.a(_arm_unorddf2.o)
 .ARM.attributes
                0x0000062e       0x1d c:/program files (x86)/gnu tools arm embedded/5.4 2016q2/bin/../lib/gcc/arm-none-eabi/5.4.1/armv7-m\libgcc.a(_arm_fixdfsi.o)
 .ARM.attributes
                0x0000064b       0x1d c:/program files (x86)/gnu tools arm embedded/5.4 2016q2/bin/../lib/gcc/arm-none-eabi/5.4.1/armv7-m\libgcc.a(_aeabi_uldivmod.o)
 .ARM.attributes
                0x00000668       0x2d c:/program files (x86)/gnu tools arm embedded/5.4 2016q2/bin/../lib/gcc/arm-none-eabi/5.4.1/armv7-m\libgcc.a(_udivmoddi4.o)
 .ARM.attributes
                0x00000695       0x1d c:/program files (x86)/gnu tools arm embedded/5.4 2016q2/bin/../lib/gcc/arm-none-eabi/5.4.1/armv7-m\libgcc.a(_dvmd_tls.o)
 .ARM.attributes
                0x000006b2       0x1d c:/program files (x86)/gnu tools arm embedded/5.4 2016q2/bin/../lib/gcc/arm-none-eabi/5.4.1/armv7-m/crtn.o
LOAD ..\obj\stm32f1xx_hal_dma.o
LOAD ..\obj\stm32f1xx_hal_i2c.o
LOAD ..\obj\system_stm32f1xx.o
LOAD ..\obj\stm32f1xx_hal_flash_ex.o
LOAD ..\obj\stm32f1xx_hal_cortex.o
LOAD ..\obj\stm32f1xx_hal_gpio.o
LOAD ..\obj\stm32f1xx_hal_tim_ex.o
LOAD ..\obj\stm32f1xx_hal_rcc_ex.o
LOAD ..\obj\stm32f1xx_hal.o
LOAD ..\obj\stm32f1xx_hal_gpio_ex.o
LOAD ..\obj\stm32f1xx_it.o
LOAD ..\obj\startup_stm32f103xb.o
LOAD ..\obj\syscalls.o
LOAD ..\obj\main.o
LOAD ..\obj\lcd.o
LOAD ..\obj\stm32f1xx_hal_msp.o
LOAD ..\obj\stm32f1xx_hal_flash.o
LOAD ..\obj\stm32f1xx_hal_tim.o
LOAD ..\obj\stm32f1xx_hal_pwr.o
LOAD ..\obj\stm32f1xx_hal_rcc.o
START GROUP
LOAD c:/program files (x86)/gnu tools arm embedded/5.4 2016q2/bin/../lib/gcc/arm-none-eabi/5.4.1/armv7-m\libgcc.a
LOAD c:/program files (x86)/gnu tools arm embedded/5.4 2016q2/bin/../lib/gcc/arm-none-eabi/5.4.1/../../../../arm-none-eabi/lib/armv7-m\libg.a
LOAD c:/program files (x86)/gnu tools arm embedded/5.4 2016q2/bin/../lib/gcc/arm-none-eabi/5.4.1/../../../../arm-none-eabi/lib/armv7-m\libc.a
END GROUP
LOAD c:/program files (x86)/gnu tools arm embedded/5.4 2016q2/bin/../lib/gcc/arm-none-eabi/5.4.1/armv7-m/crtend.o
LOAD c:/program files (x86)/gnu tools arm embedded/5.4 2016q2/bin/../lib/gcc/arm-none-eabi/5.4.1/armv7-m/crtn.o
OUTPUT(myproj.elf elf32-littlearm)

.debug_info     0x00000000     0x6f0e
 .debug_info    0x00000000      0x588 ..\obj\stm32f1xx_hal_dma.o
 .debug_info    0x00000588     0x1acf ..\obj\stm32f1xx_hal_i2c.o
 .debug_info    0x00002057      0x3d2 ..\obj\system_stm32f1xx.o
 .debug_info    0x00002429      0xabf ..\obj\stm32f1xx_hal_cortex.o
 .debug_info    0x00002ee8      0x5f5 ..\obj\stm32f1xx_hal_gpio.o
 .debug_info    0x000034dd      0x5e3 ..\obj\stm32f1xx_hal.o
 .debug_info    0x00003ac0      0x21b ..\obj\stm32f1xx_it.o
 .debug_info    0x00003cdb       0xbc ..\obj\startup_stm32f103xb.o
 .debug_info    0x00003d97      0x458 ..\obj\syscalls.o
 .debug_info    0x000041ef      0x9e4 ..\obj\main.o
 .debug_info    0x00004bd3      0x6d6 ..\obj\lcd.o
 .debug_info    0x000052a9      0x86c ..\obj\stm32f1xx_hal_msp.o
 .debug_info    0x00005b15     0x13f9 ..\obj\stm32f1xx_hal_rcc.o

.debug_abbrev   0x00000000     0x1399
 .debug_abbrev  0x00000000      0x1b5 ..\obj\stm32f1xx_hal_dma.o
 .debug_abbrev  0x000001b5      0x20a ..\obj\stm32f1xx_hal_i2c.o
 .debug_abbrev  0x000003bf      0x120 ..\obj\system_stm32f1xx.o
 .debug_abbrev  0x000004df      0x270 ..\obj\stm32f1xx_hal_cortex.o
 .debug_abbrev  0x0000074f      0x1ac ..\obj\stm32f1xx_hal_gpio.o
 .debug_abbrev  0x000008fb      0x1f8 ..\obj\stm32f1xx_hal.o
 .debug_abbrev  0x00000af3       0xc8 ..\obj\stm32f1xx_it.o
 .debug_abbrev  0x00000bbb       0x12 ..\obj\startup_stm32f103xb.o
 .debug_abbrev  0x00000bcd       0xe5 ..\obj\syscalls.o
 .debug_abbrev  0x00000cb2      0x1d3 ..\obj\main.o
 .debug_abbrev  0x00000e85      0x149 ..\obj\lcd.o
 .debug_abbrev  0x00000fce      0x155 ..\obj\stm32f1xx_hal_msp.o
 .debug_abbrev  0x00001123      0x276 ..\obj\stm32f1xx_hal_rcc.o

.debug_aranges  0x00000000      0x1a8
 .debug_aranges
                0x00000000       0x20 ..\obj\stm32f1xx_hal_dma.o
 .debug_aranges
                0x00000020       0x20 ..\obj\stm32f1xx_hal_i2c.o
 .debug_aranges
                0x00000040       0x20 ..\obj\system_stm32f1xx.o
 .debug_aranges
                0x00000060       0x20 ..\obj\stm32f1xx_hal_cortex.o
 .debug_aranges
                0x00000080       0x20 ..\obj\stm32f1xx_hal_gpio.o
 .debug_aranges
                0x000000a0       0x20 ..\obj\stm32f1xx_hal.o
 .debug_aranges
                0x000000c0       0x20 ..\obj\stm32f1xx_it.o
 .debug_aranges
                0x000000e0       0x28 ..\obj\startup_stm32f103xb.o
 .debug_aranges
                0x00000108       0x20 ..\obj\syscalls.o
 .debug_aranges
                0x00000128       0x20 ..\obj\main.o
 .debug_aranges
                0x00000148       0x20 ..\obj\lcd.o
 .debug_aranges
                0x00000168       0x20 ..\obj\stm32f1xx_hal_msp.o
 .debug_aranges
                0x00000188       0x20 ..\obj\stm32f1xx_hal_rcc.o

.debug_line     0x00000000     0x3920
 .debug_line    0x00000000      0x7b0 ..\obj\stm32f1xx_hal_dma.o
 .debug_line    0x000007b0      0xe28 ..\obj\stm32f1xx_hal_i2c.o
 .debug_line    0x000015d8      0x238 ..\obj\system_stm32f1xx.o
 .debug_line    0x00001810      0x301 ..\obj\stm32f1xx_hal_cortex.o
 .debug_line    0x00001b11      0x3e8 ..\obj\stm32f1xx_hal_gpio.o
 .debug_line    0x00001ef9      0x2bd ..\obj\stm32f1xx_hal.o
 .debug_line    0x000021b6      0x1fe ..\obj\stm32f1xx_it.o
 .debug_line    0x000023b4       0xc6 ..\obj\startup_stm32f103xb.o
 .debug_line    0x0000247a      0x194 ..\obj\syscalls.o
 .debug_line    0x0000260e      0x30b ..\obj\main.o
 .debug_line    0x00002919      0x2d9 ..\obj\lcd.o
 .debug_line    0x00002bf2      0x27d ..\obj\stm32f1xx_hal_msp.o
 .debug_line    0x00002e6f      0xab1 ..\obj\stm32f1xx_hal_rcc.o

.debug_str      0x00000000     0x1ef3
 .debug_str     0x00000000      0x466 ..\obj\stm32f1xx_hal_dma.o
                                0x4e9 (size before relaxing)
 .debug_str     0x00000466      0x89c ..\obj\stm32f1xx_hal_i2c.o
                                0xc42 (size before relaxing)
 .debug_str     0x00000d02      0x15f ..\obj\system_stm32f1xx.o
                                0x2a0 (size before relaxing)
 .debug_str     0x00000e61      0x5d4 ..\obj\stm32f1xx_hal_cortex.o
                                0x8ae (size before relaxing)
 .debug_str     0x00001435      0x1d3 ..\obj\stm32f1xx_hal_gpio.o
                                0x409 (size before relaxing)
 .debug_str     0x00001608      0x20b ..\obj\stm32f1xx_hal.o
                                0x6f7 (size before relaxing)
 .debug_str     0x00001813       0xf7 ..\obj\stm32f1xx_it.o
                                0x28a (size before relaxing)
 .debug_str     0x0000190a      0x197 ..\obj\syscalls.o
                                0x32d (size before relaxing)
 .debug_str     0x00001aa1      0x19e ..\obj\main.o
                                0xa5a (size before relaxing)
 .debug_str     0x00001c3f       0x80 ..\obj\lcd.o
                                0x5ed (size before relaxing)
 .debug_str     0x00001cbf       0x35 ..\obj\stm32f1xx_hal_msp.o
                                0x91d (size before relaxing)
 .debug_str     0x00001cf4      0x1ff ..\obj\stm32f1xx_hal_rcc.o
                                0x5d5 (size before relaxing)

.comment        0x00000000       0x6e
 .comment       0x00000000       0x6e ..\obj\stm32f1xx_hal_dma.o
                                 0x6f (size before relaxing)
 .comment       0x0000006e       0x6f ..\obj\stm32f1xx_hal_i2c.o
 .comment       0x0000006e       0x6f ..\obj\system_stm32f1xx.o
 .comment       0x0000006e       0x6f ..\obj\stm32f1xx_hal_cortex.o
 .comment       0x0000006e       0x6f ..\obj\stm32f1xx_hal_gpio.o
 .comment       0x0000006e       0x6f ..\obj\stm32f1xx_hal.o
 .comment       0x0000006e       0x6f ..\obj\stm32f1xx_it.o
 .comment       0x0000006e       0x6f ..\obj\syscalls.o
 .comment       0x0000006e       0x6f ..\obj\main.o
 .comment       0x0000006e       0x6f ..\obj\lcd.o
 .comment       0x0000006e       0x6f ..\obj\stm32f1xx_hal_msp.o
 .comment       0x0000006e       0x6f ..\obj\stm32f1xx_hal_rcc.o

.debug_frame    0x00000000     0x2200
 .debug_frame   0x00000000      0x194 ..\obj\stm32f1xx_hal_dma.o
 .debug_frame   0x00000194      0x984 ..\obj\stm32f1xx_hal_i2c.o
 .debug_frame   0x00000b18       0x58 ..\obj\system_stm32f1xx.o
 .debug_frame   0x00000b70      0x428 ..\obj\stm32f1xx_hal_cortex.o
 .debug_frame   0x00000f98      0x14c ..\obj\stm32f1xx_hal_gpio.o
 .debug_frame   0x000010e4      0x278 ..\obj\stm32f1xx_hal.o
 .debug_frame   0x0000135c      0x144 ..\obj\stm32f1xx_it.o
 .debug_frame   0x000014a0      0x168 ..\obj\syscalls.o
 .debug_frame   0x00001608       0xac ..\obj\main.o
 .debug_frame   0x000016b4      0x10c ..\obj\lcd.o
 .debug_frame   0x000017c0       0x7c ..\obj\stm32f1xx_hal_msp.o
 .debug_frame   0x0000183c      0x21c ..\obj\stm32f1xx_hal_rcc.o
 .debug_frame   0x00001a58       0x84 c:/program files (x86)/gnu tools arm embedded/5.4 2016q2/bin/../lib/gcc/arm-none-eabi/5.4.1/../../../../arm-none-eabi/lib/armv7-m\libg.a(lib_a-sprintf.o)
 .debug_frame   0x00001adc       0x20 c:/program files (x86)/gnu tools arm embedded/5.4 2016q2/bin/../lib/gcc/arm-none-eabi/5.4.1/../../../../arm-none-eabi/lib/armv7-m\libg.a(lib_a-strlen-stub.o)
 .debug_frame   0x00001afc       0x44 c:/program files (x86)/gnu tools arm embedded/5.4 2016q2/bin/../lib/gcc/arm-none-eabi/5.4.1/../../../../arm-none-eabi/lib/armv7-m\libg.a(lib_a-svfprintf.o)
 .debug_frame   0x00001b40       0x84 c:/program files (x86)/gnu tools arm embedded/5.4 2016q2/bin/../lib/gcc/arm-none-eabi/5.4.1/../../../../arm-none-eabi/lib/armv7-m\libg.a(lib_a-dtoa.o)
 .debug_frame   0x00001bc4       0x9c c:/program files (x86)/gnu tools arm embedded/5.4 2016q2/bin/../lib/gcc/arm-none-eabi/5.4.1/../../../../arm-none-eabi/lib/armv7-m\libg.a(lib_a-locale.o)
 .debug_frame   0x00001c60       0x54 c:/program files (x86)/gnu tools arm embedded/5.4 2016q2/bin/../lib/gcc/arm-none-eabi/5.4.1/../../../../arm-none-eabi/lib/armv7-m\libg.a(lib_a-mallocr.o)
 .debug_frame   0x00001cb4       0x34 c:/program files (x86)/gnu tools arm embedded/5.4 2016q2/bin/../lib/gcc/arm-none-eabi/5.4.1/../../../../arm-none-eabi/lib/armv7-m\libg.a(lib_a-memchr-stub.o)
 .debug_frame   0x00001ce8       0x30 c:/program files (x86)/gnu tools arm embedded/5.4 2016q2/bin/../lib/gcc/arm-none-eabi/5.4.1/../../../../arm-none-eabi/lib/armv7-m\libg.a(lib_a-mlock.o)
 .debug_frame   0x00001d18      0x264 c:/program files (x86)/gnu tools arm embedded/5.4 2016q2/bin/../lib/gcc/arm-none-eabi/5.4.1/../../../../arm-none-eabi/lib/armv7-m\libg.a(lib_a-mprec.o)
 .debug_frame   0x00001f7c       0x2c c:/program files (x86)/gnu tools arm embedded/5.4 2016q2/bin/../lib/gcc/arm-none-eabi/5.4.1/../../../../arm-none-eabi/lib/armv7-m\libg.a(lib_a-sbrkr.o)
 .debug_frame   0x00001fa8       0x78 c:/program files (x86)/gnu tools arm embedded/5.4 2016q2/bin/../lib/gcc/arm-none-eabi/5.4.1/../../../../arm-none-eabi/lib/armv7-m\libg.a(lib_a-svfiprintf.o)
 .debug_frame   0x00002020       0x28 c:/program files (x86)/gnu tools arm embedded/5.4 2016q2/bin/../lib/gcc/arm-none-eabi/5.4.1/../../../../arm-none-eabi/lib/armv7-m\libg.a(lib_a-callocr.o)
 .debug_frame   0x00002048       0x74 c:/program files (x86)/gnu tools arm embedded/5.4 2016q2/bin/../lib/gcc/arm-none-eabi/5.4.1/../../../../arm-none-eabi/lib/armv7-m\libg.a(lib_a-freer.o)
 .debug_frame   0x000020bc       0x30 c:/program files (x86)/gnu tools arm embedded/5.4 2016q2/bin/../lib/gcc/arm-none-eabi/5.4.1/../../../../arm-none-eabi/lib/armv7-m\libg.a(lib_a-memmove.o)
 .debug_frame   0x000020ec       0x58 c:/program files (x86)/gnu tools arm embedded/5.4 2016q2/bin/../lib/gcc/arm-none-eabi/5.4.1/../../../../arm-none-eabi/lib/armv7-m\libg.a(lib_a-reallocr.o)
 .debug_frame   0x00002144       0x58 c:/program files (x86)/gnu tools arm embedded/5.4 2016q2/bin/../lib/gcc/arm-none-eabi/5.4.1/../../../../arm-none-eabi/lib/armv7-m\libg.a(lib_a-reent.o)
 .debug_frame   0x0000219c       0x2c c:/program files (x86)/gnu tools arm embedded/5.4 2016q2/bin/../lib/gcc/arm-none-eabi/5.4.1/armv7-m\libgcc.a(_aeabi_uldivmod.o)
 .debug_frame   0x000021c8       0x38 c:/program files (x86)/gnu tools arm embedded/5.4 2016q2/bin/../lib/gcc/arm-none-eabi/5.4.1/armv7-m\libgcc.a(_udivmoddi4.o)

.debug_ranges   0x00000000       0x20
 .debug_ranges  0x00000000       0x20 ..\obj\startup_stm32f103xb.o
