Archive member included to satisfy reference by file (symbol)

c:/program files (x86)/gnu tools arm embedded/5.4 2016q2/bin/../lib/gcc/arm-none-eabi/5.4.1/../../../../arm-none-eabi/lib/armv7-m\libc.a(lib_a-exit.o)
                              c:/program files (x86)/gnu tools arm embedded/5.4 2016q2/bin/../lib/gcc/arm-none-eabi/5.4.1/../../../../arm-none-eabi/lib/armv7-m/crt0.o (exit)
c:/program files (x86)/gnu tools arm embedded/5.4 2016q2/bin/../lib/gcc/arm-none-eabi/5.4.1/../../../../arm-none-eabi/lib/armv7-m\libc.a(lib_a-impure.o)
                              c:/program files (x86)/gnu tools arm embedded/5.4 2016q2/bin/../lib/gcc/arm-none-eabi/5.4.1/../../../../arm-none-eabi/lib/armv7-m\libc.a(lib_a-exit.o) (_global_impure_ptr)
c:/program files (x86)/gnu tools arm embedded/5.4 2016q2/bin/../lib/gcc/arm-none-eabi/5.4.1/../../../../arm-none-eabi/lib/armv7-m\libc.a(lib_a-init.o)
                              c:/program files (x86)/gnu tools arm embedded/5.4 2016q2/bin/../lib/gcc/arm-none-eabi/5.4.1/../../../../arm-none-eabi/lib/armv7-m/crt0.o (__libc_init_array)
c:/program files (x86)/gnu tools arm embedded/5.4 2016q2/bin/../lib/gcc/arm-none-eabi/5.4.1/../../../../arm-none-eabi/lib/armv7-m\libc.a(lib_a-memset.o)
                              c:/program files (x86)/gnu tools arm embedded/5.4 2016q2/bin/../lib/gcc/arm-none-eabi/5.4.1/../../../../arm-none-eabi/lib/armv7-m/crt0.o (memset)
c:/program files (x86)/gnu tools arm embedded/5.4 2016q2/bin/../lib/gcc/arm-none-eabi/5.4.1/../../../../arm-none-eabi/lib/armv7-m\libc.a(lib_a-__call_atexit.o)
                              c:/program files (x86)/gnu tools arm embedded/5.4 2016q2/bin/../lib/gcc/arm-none-eabi/5.4.1/../../../../arm-none-eabi/lib/armv7-m\libc.a(lib_a-exit.o) (__call_exitprocs)
c:/program files (x86)/gnu tools arm embedded/5.4 2016q2/bin/../lib/gcc/arm-none-eabi/5.4.1/../../../../arm-none-eabi/lib/armv7-m\libc.a(lib_a-atexit.o)
                              c:/program files (x86)/gnu tools arm embedded/5.4 2016q2/bin/../lib/gcc/arm-none-eabi/5.4.1/../../../../arm-none-eabi/lib/armv7-m\libc.a(lib_a-__call_atexit.o) (atexit)
c:/program files (x86)/gnu tools arm embedded/5.4 2016q2/bin/../lib/gcc/arm-none-eabi/5.4.1/../../../../arm-none-eabi/lib/armv7-m\libc.a(lib_a-fini.o)
                              c:/program files (x86)/gnu tools arm embedded/5.4 2016q2/bin/../lib/gcc/arm-none-eabi/5.4.1/../../../../arm-none-eabi/lib/armv7-m\libc.a(lib_a-__call_atexit.o) (__libc_fini_array)
c:/program files (x86)/gnu tools arm embedded/5.4 2016q2/bin/../lib/gcc/arm-none-eabi/5.4.1/../../../../arm-none-eabi/lib/armv7-m\libc.a(lib_a-__atexit.o)
                              c:/program files (x86)/gnu tools arm embedded/5.4 2016q2/bin/../lib/gcc/arm-none-eabi/5.4.1/../../../../arm-none-eabi/lib/armv7-m\libc.a(lib_a-atexit.o) (__register_exitproc)
c:/program files (x86)/gnu tools arm embedded/5.4 2016q2/bin/../lib/gcc/arm-none-eabi/5.4.1/../../../../arm-none-eabi/lib/armv7-m\libg.a(lib_a-sprintf.o)
                              ..\obj\main.o (sprintf)
c:/program files (x86)/gnu tools arm embedded/5.4 2016q2/bin/../lib/gcc/arm-none-eabi/5.4.1/../../../../arm-none-eabi/lib/armv7-m\libg.a(lib_a-strlen-stub.o)
                              ..\obj\lcd.o (strlen)
c:/program files (x86)/gnu tools arm embedded/5.4 2016q2/bin/../lib/gcc/arm-none-eabi/5.4.1/../../../../arm-none-eabi/lib/armv7-m\libg.a(lib_a-svfprintf.o)
                              c:/program files (x86)/gnu tools arm embedded/5.4 2016q2/bin/../lib/gcc/arm-none-eabi/5.4.1/../../../../arm-none-eabi/lib/armv7-m\libg.a(lib_a-sprintf.o) (_svfprintf_r)
c:/program files (x86)/gnu tools arm embedded/5.4 2016q2/bin/../lib/gcc/arm-none-eabi/5.4.1/../../../../arm-none-eabi/lib/armv7-m\libg.a(lib_a-dtoa.o)
                              c:/program files (x86)/gnu tools arm embedded/5.4 2016q2/bin/../lib/gcc/arm-none-eabi/5.4.1/../../../../arm-none-eabi/lib/armv7-m\libg.a(lib_a-svfprintf.o) (_dtoa_r)
c:/program files (x86)/gnu tools arm embedded/5.4 2016q2/bin/../lib/gcc/arm-none-eabi/5.4.1/../../../../arm-none-eabi/lib/armv7-m\libg.a(lib_a-locale.o)
                              c:/program files (x86)/gnu tools arm embedded/5.4 2016q2/bin/../lib/gcc/arm-none-eabi/5.4.1/../../../../arm-none-eabi/lib/armv7-m\libg.a(lib_a-svfprintf.o) (_localeconv_r)
c:/program files (x86)/gnu tools arm embedded/5.4 2016q2/bin/../lib/gcc/arm-none-eabi/5.4.1/../../../../arm-none-eabi/lib/armv7-m\libg.a(lib_a-mallocr.o)
                              c:/program files (x86)/gnu tools arm embedded/5.4 2016q2/bin/../lib/gcc/arm-none-eabi/5.4.1/../../../../arm-none-eabi/lib/armv7-m\libg.a(lib_a-svfprintf.o) (_malloc_r)
c:/program files (x86)/gnu tools arm embedded/5.4 2016q2/bin/../lib/gcc/arm-none-eabi/5.4.1/../../../../arm-none-eabi/lib/armv7-m\libg.a(lib_a-memchr-stub.o)
[...]
Memory Configuration

Name             Origin             Length             Attributes
FLASH            0x08000000         0x00010000         xr
RAM              0x20000000         0x00005000         xrw
*default*        0x00000000         0xffffffff

Linker script and memory map

LOAD c:/program files (x86)/gnu tools arm embedded/5.4 2016q2/bin/../lib/gcc/arm-none-eabi/5.4.1/armv7-m/crti.o
LOAD c:/program files (x86)/gnu tools arm embedded/5.4 2016q2/bin/../lib/gcc/arm-none-eabi/5.4.1/armv7-m/crtbegin.o
LOAD c:/program files (x86)/gnu tools arm embedded/5.4 2016q2/bin/../lib/gcc/arm-none-eabi/5.4.1/../../../../arm-none-eabi/lib/armv7-m/crt0.o
                0x20005000                _estack = 0x20005000
                0x00000200                _Min_Heap_Size = 0x200
                0x00000400                _Min_Stack_Size = 0x400

.isr_vector     0x08000000      0x10c
                0x08000000                . = ALIGN (0x4)
 *(.isr_vector)
 .isr_vector    0x08000000      0x10c ..\obj\startup_stm32f103xb.o
                0x08000000                g_pfnVectors
                0x0800010c                . = ALIGN (0x4)

.text           0x08000110     0xbb40
                0x08000110                . = ALIGN (0x4)
 *(.text)
 .text          0x08000110       0x5c c:/program files (x86)/gnu tools arm embedded/5.4 2016q2/bin/../lib/gcc/arm-none-eabi/5.4.1/armv7-m/crtbegin.o
 .text          0x0800016c      0xbd8 ..\obj\stm32f1xx_hal_dma.o
                0x0800016c                HAL_DMA_Init
                0x08000200                HAL_DMA_DeInit
                0x080003e0                HAL_DMA_Start
                0x08000444                HAL_DMA_Start_IT
                0x080004d8                HAL_DMA_Abort
                0x08000554                HAL_DMA_PollForTransfer
                0x080008e8                HAL_DMA_IRQHandler
                0x08000cc8                HAL_DMA_GetState
                0x08000ce0                HAL_DMA_GetError
 .text          0x08000d44     0x36a0 ..\obj\stm32f1xx_hal_i2c.o
                0x08000d44                HAL_I2C_Init
                0x08000e50                HAL_I2C_DeInit
                0x08000ed0                HAL_I2C_Master_Transmit
                0x0800106c                HAL_I2C_Master_Receive
                0x0800138c                HAL_I2C_Slave_Transmit
                0x08001550                HAL_I2C_Slave_Receive
                0x08001708                HAL_I2C_Master_Transmit_IT
                0x0800180c                HAL_I2C_Master_Receive_IT
                0x080019a0                HAL_I2C_Slave_Transmit_IT
                0x08001a6c                HAL_I2C_Slave_Receive_IT
                0x08001b38                HAL_I2C_Master_Transmit_DMA
                0x08001c68                HAL_I2C_Master_Receive_DMA
                0x08001dc4                HAL_I2C_Slave_Transmit_DMA
                0x08001f34                HAL_I2C_Slave_Receive_DMA
                0x08002058                HAL_I2C_Mem_Write
                0x080021f4                HAL_I2C_Mem_Read
                0x08002520                HAL_I2C_Mem_Write_IT
                0x08002620                HAL_I2C_Mem_Read_IT
                0x080027c0                HAL_I2C_Mem_Write_DMA
                0x080028ec                HAL_I2C_Mem_Read_DMA
                0x08002a54                HAL_I2C_IsDeviceReady
                0x08002c78                HAL_I2C_EV_IRQHandler
                0x08002f6c                HAL_I2C_ER_IRQHandler
                0x08003154                HAL_I2C_MasterTxCpltCallback
                0x08003168                HAL_I2C_MasterRxCpltCallback
                0x0800317c                HAL_I2C_SlaveTxCpltCallback
                0x08003190                HAL_I2C_SlaveRxCpltCallback
                0x080031a4                HAL_I2C_MemTxCpltCallback
                0x080031b8                HAL_I2C_MemRxCpltCallback
                0x080031cc                HAL_I2C_ErrorCallback
                0x080031e0                HAL_I2C_GetState
                0x080031fc                HAL_I2C_GetError
 .text          0x080043e4      0x140 ..\obj\system_stm32f1xx.o
                0x080043e4                SystemInit
                0x0800444c                SystemCoreClockUpdate
 .text          0x08004524      0x51c ..\obj\stm32f1xx_hal_cortex.o
                0x08004890                HAL_NVIC_SetPriorityGrouping
                0x080048a8                HAL_NVIC_SetPriority
                0x080048e0                HAL_NVIC_EnableIRQ
                0x080048fc                HAL_NVIC_DisableIRQ
                0x08004918                HAL_NVIC_SystemReset
                0x08004924                HAL_SYSTICK_Config
                0x0800493c                HAL_NVIC_GetPriorityGrouping
                0x0800494c                HAL_NVIC_GetPriority
                0x08004978                HAL_NVIC_SetPendingIRQ
                0x08004994                HAL_NVIC_GetPendingIRQ
                0x080049b4                HAL_NVIC_ClearPendingIRQ
                0x080049d0                HAL_NVIC_GetActive
                0x080049f0                HAL_SYSTICK_CLKSourceConfig
                0x08004a28                HAL_SYSTICK_IRQHandler
                0x08004a34                HAL_SYSTICK_Callback
 .text          0x08004a40      0x558 ..\obj\stm32f1xx_hal_gpio.o
                0x08004a40                HAL_GPIO_Init
                0x08004cfc                HAL_GPIO_DeInit
                0x08004e80                HAL_GPIO_ReadPin
                0x08004eb0                HAL_GPIO_WritePin
                0x08004ee0                HAL_GPIO_TogglePin
                0x08004f04                HAL_GPIO_LockPin
                0x08004f54                HAL_GPIO_EXTI_IRQHandler
                0x08004f84                HAL_GPIO_EXTI_Callback
 .text          0x08004f98      0x248 ..\obj\stm32f1xx_hal.o
                0x08004f98                HAL_Init
                0x08004fc4                HAL_DeInit
                0x08005000                HAL_MspDeInit
                0x0800500c                HAL_InitTick
                0x08005044                HAL_IncTick
                0x08005060                HAL_GetTick
                0x08005074                HAL_Delay
                0x080050a0                HAL_SuspendTick
                0x080050bc                HAL_ResumeTick
                0x080050d8                HAL_GetHalVersion
                0x080050ec                HAL_GetREVID
                0x08005120                HAL_GetDEVID
                0x08005138                HAL_DBGMCU_EnableDBGSleepMode
                0x08005154                HAL_DBGMCU_DisableDBGSleepMode
                0x08005170                HAL_DBGMCU_EnableDBGStopMode
                0x0800518c                HAL_DBGMCU_DisableDBGStopMode
                0x080051a8                HAL_DBGMCU_EnableDBGStandbyMode
                0x080051c4                HAL_DBGMCU_DisableDBGStandbyMode
 .text          0x080051e0      0x134 ..\obj\stm32f1xx_it.o
                0x080051e0                NMI_Handler
                0x080051ec                HardFault_Handler
                0x080051f4                MemManage_Handler
                0x080051fc                BusFault_Handler
                0x08005204                UsageFault_Handler
                0x0800520c                SVC_Handler
                0x08005218                DebugMon_Handler
                0x08005224                PendSV_Handler
                0x08005230                SysTick_Handler
                0x08005240                EXTI4_IRQHandler
                0x08005274                EXTI9_5_IRQHandler
                0x080052c4                EXTI15_10_IRQHandler
 .text          0x08005314       0xf0 ..\obj\syscalls.o
                0x08005314                _sbrk
                0x08005350                link
                0x08005368                _close
                0x08005380                _fstat
                0x080053a0                _isatty
                0x080053b4                _lseek
                0x080053cc                _read
                0x080053e4                _write
                0x080053fc                abort
 .text          0x08005404      0x274 ..\obj\main.o
                0x08005404                main
                0x080054c4                SystemClock_Config
                0x08005670                Error_Handler
 .text          0x08005678      0x2dc ..\obj\lcd.o
                0x08005678                sendData
                0x080056f0                initLCD
                0x080057e0                writeLCD
                0x08005830                writeStringLCD
                0x0800586c                moveXY
                0x080058f4                moveDisplayRight
                0x08005924                moveDisplayLeft
 .text          0x08005954      0x12c ..\obj\stm32f1xx_hal_msp.o
                0x08005954                HAL_MspInit
                0x080059ec                HAL_I2C_MspInit
                0x08005a44                HAL_I2C_MspDeInit
 .text          0x08005a80     0x1640 ..\obj\stm32f1xx_hal_rcc.o
                0x08005a80                HAL_RCC_DeInit
                0x08005afc                HAL_RCC_OscConfig
                0x0800693c                HAL_RCC_ClockConfig
                0x08006cb4                HAL_RCC_MCOConfig
                0x08006d24                HAL_RCC_EnableCSS
                0x08006d58                HAL_RCC_DisableCSS
                0x08006d8c                HAL_RCC_GetSysClockFreq
                0x08006e80                HAL_RCC_GetHCLKFreq
                0x08006e94                HAL_RCC_GetPCLK1Freq
                0x08006ed8                HAL_RCC_GetPCLK2Freq
                0x08006f1c                HAL_RCC_GetOscConfig
                0x0800702c                HAL_RCC_GetClockConfig
                0x0800708c                HAL_RCC_NMI_IRQHandler
                0x080070b4                HAL_RCC_CSSCallback
 .text          0x080070c0       0xec c:/program files (x86)/gnu tools arm embedded/5.4 2016q2/bin/../lib/gcc/arm-none-eabi/5.4.1/../../../../arm-none-eabi/lib/armv7-m\libg.a(lib_a-memcpy.o)
                0x080070c0                memcpy
 .text          0x080071ac      0x370 c:/program files (x86)/gnu tools arm embedded/5.4 2016q2/bin/../lib/gcc/arm-none-eabi/5.4.1/armv7-m\libgcc.a(_arm_addsubdf3.o)
                0x080071ac                __aeabi_drsub
                0x080071b4                __aeabi_dsub
                0x080071b4                __subdf3
                0x080071b8                __aeabi_dadd
                0x080071b8                __adddf3
                0x08007430                __floatunsidf
                0x08007430                __aeabi_ui2d
                0x08007450                __floatsidf
                0x08007450                __aeabi_i2d
                0x08007474                __aeabi_f2d
                0x08007474                __extendsfdf2
                0x080074b0                __floatundidf
                0x080074b0                __aeabi_ul2d
                0x080074c0                __floatdidf
                0x080074c0                __aeabi_l2d
 .text          0x0800751c      0x424 c:/program files (x86)/gnu tools arm embedded/5.4 2016q2/bin/../lib/gcc/arm-none-eabi/5.4.1/armv7-m\libgcc.a(_arm_muldivdf3.o)
                0x0800751c                __aeabi_dmul
                0x0800751c                __muldf3
                0x08007770                __divdf3
                0x08007770                __aeabi_ddiv
 .text          0x08007940      0x110 c:/program files (x86)/gnu tools arm embedded/5.4 2016q2/bin/../lib/gcc/arm-none-eabi/5.4.1/armv7-m\libgcc.a(_arm_cmpdf2.o)
                0x08007940                __gtdf2
                0x08007940                __gedf2
                0x08007948                __ltdf2
                0x08007948                __ledf2
                0x08007950                __nedf2
                0x08007950                __eqdf2
                0x08007950                __cmpdf2
                0x080079cc                __aeabi_cdrcmple
                0x080079dc                __aeabi_cdcmpeq
                0x080079dc                __aeabi_cdcmple
                0x080079ec                __aeabi_dcmpeq
                0x08007a00                __aeabi_dcmplt
                0x08007a14                __aeabi_dcmple
                0x08007a28                __aeabi_dcmpge
                0x08007a3c                __aeabi_dcmpgt
 .text          0x08007a50       0x2c c:/program files (x86)/gnu tools arm embedded/5.4 2016q2/bin/../lib/gcc/arm-none-eabi/5.4.1/armv7-m\libgcc.a(_arm_unorddf2.o)
                0x08007a50                __unorddf2
                0x08007a50                __aeabi_dcmpun
 .text          0x08007a7c       0x50 c:/program files (x86)/gnu tools arm embedded/5.4 2016q2/bin/../lib/gcc/arm-none-eabi/5.4.1/armv7-m\libgcc.a(_arm_fixdfsi.o)
                0x08007a7c                __aeabi_d2iz
                0x08007a7c                __fixdfsi
 .text          0x08007acc       0x30 c:/program files (x86)/gnu tools arm embedded/5.4 2016q2/bin/../lib/gcc/arm-none-eabi/5.4.1/armv7-m\libgcc.a(_aeabi_uldivmod.o)
                0x08007acc                __aeabi_uldivmod
 .text          0x08007afc      0x2ec c:/program files (x86)/gnu tools arm embedded/5.4 2016q2/bin/../lib/gcc/arm-none-eabi/5.4.1/armv7-m\libgcc.a(_udivmoddi4.o)
                0x08007afc                __udivmoddi4
 .text          0x08007de8        0x4 c:/program files (x86)/gnu tools arm embedded/5.4 2016q2/bin/../lib/gcc/arm-none-eabi/5.4.1/armv7-m\libgcc.a(_dvmd_tls.o)
                0x08007de8                __aeabi_idiv0
                0x08007de8                __aeabi_ldiv0
 *(.text*)
 .text.__libc_init_array
                0x08007dec       0x50 c:/program files (x86)/gnu tools arm embedded/5.4 2016q2/bin/../lib/gcc/arm-none-eabi/5.4.1/../../../../arm-none-eabi/lib/armv7-m\libc.a(lib_a-init.o)
                0x08007dec                __libc_init_array
 .text.memset   0x08007e3c       0x9c c:/program files (x86)/gnu tools arm embedded/5.4 2016q2/bin/../lib/gcc/arm-none-eabi/5.4.1/../../../../arm-none-eabi/lib/armv7-m\libc.a(lib_a-memset.o)
                0x08007e3c                memset
 .text.startup.register_fini
                0x08007ed8       0x14 c:/program files (x86)/gnu tools arm embedded/5.4 2016q2/bin/../lib/gcc/arm-none-eabi/5.4.1/../../../../arm-none-eabi/lib/armv7-m\libc.a(lib_a-__call_atexit.o)
 .text.atexit   0x08007eec        0xc c:/program files (x86)/gnu tools arm embedded/5.4 2016q2/bin/../lib/gcc/arm-none-eabi/5.4.1/../../../../arm-none-eabi/lib/armv7-m\libc.a(lib_a-atexit.o)
                0x08007eec                atexit
 .text.__libc_fini_array
                0x08007ef8       0x28 c:/program files (x86)/gnu tools arm embedded/5.4 2016q2/bin/../lib/gcc/arm-none-eabi/5.4.1/../../../../arm-none-eabi/lib/armv7-m\libc.a(lib_a-fini.o)
                0x08007ef8                __libc_fini_array
 .text.__register_exitproc
                0x08007f20       0xa4 c:/program files (x86)/gnu tools arm embedded/5.4 2016q2/bin/../lib/gcc/arm-none-eabi/5.4.1/../../../../arm-none-eabi/lib/armv7-m\libc.a(lib_a-__atexit.o)
                0x08007f20                __register_exitproc
 .text.Reset_Handler
                0x08007fc4       0x48 ..\obj\startup_stm32f103xb.o
                0x08007fc4                Reset_Handler
 .text.Default_Handler
                0x0800800c        0x2 ..\obj\startup_stm32f103xb.o
                0x0800800c                RTC_Alarm_IRQHandler
                0x0800800c                EXTI2_IRQHandler
                0x0800800c                TIM1_CC_IRQHandler
                0x0800800c                PVD_IRQHandler
                0x0800800c                EXTI3_IRQHandler
                0x0800800c                EXTI0_IRQHandler
                0x0800800c                I2C2_EV_IRQHandler
                0x0800800c                ADC1_2_IRQHandler
                0x0800800c                SPI1_IRQHandler
                0x0800800c                TAMPER_IRQHandler
                0x0800800c                DMA1_Channel4_IRQHandler
                0x0800800c                USART3_IRQHandler
                0x0800800c                RTC_IRQHandler
                0x0800800c                DMA1_Channel7_IRQHandler
                0x0800800c                CAN1_RX1_IRQHandler
                0x0800800c                TIM4_IRQHandler
                0x0800800c                I2C1_EV_IRQHandler
                0x0800800c                DMA1_Channel6_IRQHandler
                0x0800800c                TIM3_IRQHandler
                0x0800800c                RCC_IRQHandler
                0x0800800c                TIM1_TRG_COM_IRQHandler
                0x0800800c                DMA1_Channel1_IRQHandler
                0x0800800c                Default_Handler
                0x0800800c                SPI2_IRQHandler
                0x0800800c                DMA1_Channel5_IRQHandler
                0x0800800c                USB_LP_CAN1_RX0_IRQHandler
                0x0800800c                USB_HP_CAN1_TX_IRQHandler
                0x0800800c                DMA1_Channel3_IRQHandler
                0x0800800c                TIM1_UP_IRQHandler
                0x0800800c                WWDG_IRQHandler
                0x0800800c                TIM2_IRQHandler
                0x0800800c                TIM1_BRK_IRQHandler
                0x0800800c                EXTI1_IRQHandler
                0x0800800c                USART2_IRQHandler
                0x0800800c                I2C2_ER_IRQHandler
                0x0800800c                DMA1_Channel2_IRQHandler
                0x0800800c                CAN1_SCE_IRQHandler
                0x0800800c                FLASH_IRQHandler
                0x0800800c                USART1_IRQHandler
                0x0800800c                I2C1_ER_IRQHandler
                0x0800800c                USBWakeUp_IRQHandler
 *fill*         0x0800800e        0x2 
 .text.sprintf  0x08008010       0x4c c:/program files (x86)/gnu tools arm embedded/5.4 2016q2/bin/../lib/gcc/arm-none-eabi/5.4.1/../../../../arm-none-eabi/lib/armv7-m\libg.a(lib_a-sprintf.o)
                0x08008010                sprintf
 .text.strlen   0x0800805c       0x5c c:/program files (x86)/gnu tools arm embedded/5.4 2016q2/bin/../lib/gcc/arm-none-eabi/5.4.1/../../../../arm-none-eabi/lib/armv7-m\libg.a(lib_a-strlen-stub.o)
                0x0800805c                strlen
 .text._svfprintf_r
                0x080080b8     0x175c c:/program files (x86)/gnu tools arm embedded/5.4 2016q2/bin/../lib/gcc/arm-none-eabi/5.4.1/../../../../arm-none-eabi/lib/armv7-m\libg.a(lib_a-svfprintf.o)
                0x080080b8                _svfprintf_r
 .text.quorem   0x08009814      0x12c c:/program files (x86)/gnu tools arm embedded/5.4 2016q2/bin/../lib/gcc/arm-none-eabi/5.4.1/../../../../arm-none-eabi/lib/armv7-m\libg.a(lib_a-dtoa.o)
 .text._dtoa_r  0x08009940      0xe4c c:/program files (x86)/gnu tools arm embedded/5.4 2016q2/bin/../lib/gcc/arm-none-eabi/5.4.1/../../../../arm-none-eabi/lib/armv7-m\libg.a(lib_a-dtoa.o)
                0x08009940                _dtoa_r
 .text._localeconv_r
                0x0800a78c        0x8 c:/program files (x86)/gnu tools arm embedded/5.4 2016q2/bin/../lib/gcc/arm-none-eabi/5.4.1/../../../../arm-none-eabi/lib/armv7-m\libg.a(lib_a-locale.o)
                0x0800a78c                _localeconv_r
 .text._malloc_r
                0x0800a794      0x558 c:/program files (x86)/gnu tools arm embedded/5.4 2016q2/bin/../lib/gcc/arm-none-eabi/5.4.1/../../../../arm-none-eabi/lib/armv7-m\libg.a(lib_a-mallocr.o)
                0x0800a794                _malloc_r
 .text.memchr   0x0800acec       0x8c c:/program files (x86)/gnu tools arm embedded/5.4 2016q2/bin/../lib/gcc/arm-none-eabi/5.4.1/../../../../arm-none-eabi/lib/armv7-m\libg.a(lib_a-memchr-stub.o)
                0x0800acec                memchr
 .text.__malloc_lock
                0x0800ad78        0x4 c:/program files (x86)/gnu tools arm embedded/5.4 2016q2/bin/../lib/gcc/arm-none-eabi/5.4.1/../../../../arm-none-eabi/lib/armv7-m\libg.a(lib_a-mlock.o)
                0x0800ad78                __malloc_lock
 .text.__malloc_unlock
                0x0800ad7c        0x4 c:/program files (x86)/gnu tools arm embedded/5.4 2016q2/bin/../lib/gcc/arm-none-eabi/5.4.1/../../../../arm-none-eabi/lib/armv7-m\libg.a(lib_a-mlock.o)
                0x0800ad7c                __malloc_unlock
 .text._Balloc  0x0800ad80       0x50 c:/program files (x86)/gnu tools arm embedded/5.4 2016q2/bin/../lib/gcc/arm-none-eabi/5.4.1/../../../../arm-none-eabi/lib/armv7-m\libg.a(lib_a-mprec.o)
                0x0800ad80                _Balloc
 .text._Bfree   0x0800add0       0x14 c:/program files (x86)/gnu tools arm embedded/5.4 2016q2/bin/../lib/gcc/arm-none-eabi/5.4.1/../../../../arm-none-eabi/lib/armv7-m\libg.a(lib_a-mprec.o)
                0x0800add0                _Bfree
 .text.__multadd
                0x0800ade4       0x80 c:/program files (x86)/gnu tools arm embedded/5.4 2016q2/bin/../lib/gcc/arm-none-eabi/5.4.1/../../../../arm-none-eabi/lib/armv7-m\libg.a(lib_a-mprec.o)
                0x0800ade4                __multadd
 .text.__hi0bits
                0x0800ae64       0x40 c:/program files (x86)/gnu tools arm embedded/5.4 2016q2/bin/../lib/gcc/arm-none-eabi/5.4.1/../../../../arm-none-eabi/lib/armv7-m\libg.a(lib_a-mprec.o)
                0x0800ae64                __hi0bits
 .text.__lo0bits
                0x0800aea4       0x5c c:/program files (x86)/gnu tools arm embedded/5.4 2016q2/bin/../lib/gcc/arm-none-eabi/5.4.1/../../../../arm-none-eabi/lib/armv7-m\libg.a(lib_a-mprec.o)
                0x0800aea4                __lo0bits
 .text.__i2b    0x0800af00       0x14 c:/program files (x86)/gnu tools arm embedded/5.4 2016q2/bin/../lib/gcc/arm-none-eabi/5.4.1/../../../../arm-none-eabi/lib/armv7-m\libg.a(lib_a-mprec.o)
                0x0800af00                __i2b
 .text.__multiply
                0x0800af14      0x13c c:/program files (x86)/gnu tools arm embedded/5.4 2016q2/bin/../lib/gcc/arm-none-eabi/5.4.1/../../../../arm-none-eabi/lib/armv7-m\libg.a(lib_a-mprec.o)
                0x0800af14                __multiply
 .text.__pow5mult
                0x0800b050       0xa0 c:/program files (x86)/gnu tools arm embedded/5.4 2016q2/bin/../lib/gcc/arm-none-eabi/5.4.1/../../../../arm-none-eabi/lib/armv7-m\libg.a(lib_a-mprec.o)
                0x0800b050                __pow5mult
 .text.__lshift
                0x0800b0f0       0xac c:/program files (x86)/gnu tools arm embedded/5.4 2016q2/bin/../lib/gcc/arm-none-eabi/5.4.1/../../../../arm-none-eabi/lib/armv7-m\libg.a(lib_a-mprec.o)
                0x0800b0f0                __lshift
 .text.__mcmp   0x0800b19c       0x40 c:/program files (x86)/gnu tools arm embedded/5.4 2016q2/bin/../lib/gcc/arm-none-eabi/5.4.1/../../../../arm-none-eabi/lib/armv7-m\libg.a(lib_a-mprec.o)
                0x0800b19c                __mcmp
 .text.__mdiff  0x0800b1dc      0x128 c:/program files (x86)/gnu tools arm embedded/5.4 2016q2/bin/../lib/gcc/arm-none-eabi/5.4.1/../../../../arm-none-eabi/lib/armv7-m\libg.a(lib_a-mprec.o)
                0x0800b1dc                __mdiff
 .text.__d2b    0x0800b304       0xa8 c:/program files (x86)/gnu tools arm embedded/5.4 2016q2/bin/../lib/gcc/arm-none-eabi/5.4.1/../../../../arm-none-eabi/lib/armv7-m\libg.a(lib_a-mprec.o)
                0x0800b304                __d2b
 .text._sbrk_r  0x0800b3ac       0x24 c:/program files (x86)/gnu tools arm embedded/5.4 2016q2/bin/../lib/gcc/arm-none-eabi/5.4.1/../../../../arm-none-eabi/lib/armv7-m\libg.a(lib_a-sbrkr.o)
                0x0800b3ac                _sbrk_r
 .text.__ssprint_r
                0x0800b3d0      0x100 c:/program files (x86)/gnu tools arm embedded/5.4 2016q2/bin/../lib/gcc/arm-none-eabi/5.4.1/../../../../arm-none-eabi/lib/armv7-m\libg.a(lib_a-svfiprintf.o)
                0x0800b3d0                __ssprint_r
 .text._calloc_r
                0x0800b4d0       0x60 c:/program files (x86)/gnu tools arm embedded/5.4 2016q2/bin/../lib/gcc/arm-none-eabi/5.4.1/../../../../arm-none-eabi/lib/armv7-m\libg.a(lib_a-callocr.o)
                0x0800b4d0                _calloc_r
 .text._malloc_trim_r
                0x0800b530       0x9c c:/program files (x86)/gnu tools arm embedded/5.4 2016q2/bin/../lib/gcc/arm-none-eabi/5.4.1/../../../../arm-none-eabi/lib/armv7-m\libg.a(lib_a-freer.o)
                0x0800b530                _malloc_trim_r
 .text._free_r  0x0800b5cc      0x1d0 c:/program files (x86)/gnu tools arm embedded/5.4 2016q2/bin/../lib/gcc/arm-none-eabi/5.4.1/../../../../arm-none-eabi/lib/armv7-m\libg.a(lib_a-freer.o)
                0x0800b5cc                _free_r
 .text.memmove  0x0800b79c       0xc8 c:/program files (x86)/gnu tools arm embedded/5.4 2016q2/bin/../lib/gcc/arm-none-eabi/5.4.1/../../../../arm-none-eabi/lib/armv7-m\libg.a(lib_a-memmove.o)
                0x0800b79c                memmove
 .text._realloc_r
                0x0800b864      0x3d4 c:/program files (x86)/gnu tools arm embedded/5.4 2016q2/bin/../lib/gcc/arm-none-eabi/5.4.1/../../../../arm-none-eabi/lib/armv7-m\libg.a(lib_a-reallocr.o)
                0x0800b864                _realloc_r
 *(.glue_7)
 .glue_7        0x0800bc38        0x0 linker stubs
 *(.glue_7t)
 .glue_7t       0x0800bc38        0x0 linker stubs
 *(.eh_frame)
 .eh_frame      0x0800bc38        0x0 c:/program files (x86)/gnu tools arm embedded/5.4 2016q2/bin/../lib/gcc/arm-none-eabi/5.4.1/armv7-m/crtbegin.o
 *(.init)
 .init          0x0800bc38        0x4 c:/program files (x86)/gnu tools arm embedded/5.4 2016q2/bin/../lib/gcc/arm-none-eabi/5.4.1/armv7-m/crti.o
                0x0800bc38                _init
 .init          0x0800bc3c        0x8 c:/program files (x86)/gnu tools arm embedded/5.4 2016q2/bin/../lib/gcc/arm-none-eabi/5.4.1/armv7-m/crtn.o
 *(.fini)
 .fini          0x0800bc44        0x4 c:/program files (x86)/gnu tools arm embedded/5.4 2016q2/bin/../lib/gcc/arm-none-eabi/5.4.1/armv7-m/crti.o
                0x0800bc44                _fini
 .fini          0x0800bc48        0x8 c:/program files (x86)/gnu tools arm embedded/5.4 2016q2/bin/../lib/gcc/arm-none-eabi/5.4.1/armv7-m/crtn.o
                0x0800bc50                . = ALIGN (0x4)
                0x0800bc50                _etext = .

.vfp11_veneer   0x0800bc50        0x0
 .vfp11_veneer  0x0800bc50        0x0 linker stubs

.v4_bx          0x0800bc50        0x0
 .v4_bx         0x0800bc50        0x0 linker stubs

.iplt           0x0800bc50        0x0
 .iplt          0x0800bc50        0x0 c:/program files (x86)/gnu tools arm embedded/5.4 2016q2/bin/../lib/gcc/arm-none-eabi/5.4.1/armv7-m/crtbegin.o

.rodata         0x0800bc50      0x1dc
                0x0800bc50                . = ALIGN (0x4)
 *(.rodata)
 .rodata        0x0800bc50       0x18 ..\obj\system_stm32f1xx.o
                0x0800bc50                AHBPrescTable
                0x0800bc60                APBPrescTable
 .rodata        0x0800bc68       0x28 ..\obj\main.o
 .rodata        0x0800bc90       0x12 ..\obj\stm32f1xx_hal_rcc.o
 *(.rodata*)
 *fill*         0x0800bca2        0x2 
 .rodata.str1.4
                0x0800bca4        0x2 c:/program files (x86)/gnu tools arm embedded/5.4 2016q2/bin/../lib/gcc/arm-none-eabi/5.4.1/../../../../arm-none-eabi/lib/armv7-m\libc.a(lib_a-impure.o)
 *fill*         0x0800bca6        0x2 
 .rodata._global_impure_ptr
                0x0800bca8        0x4 c:/program files (x86)/gnu tools arm embedded/5.4 2016q2/bin/../lib/gcc/arm-none-eabi/5.4.1/../../../../arm-none-eabi/lib/armv7-m\libc.a(lib_a-impure.o)
                0x0800bca8                _global_impure_ptr
 .rodata.blanks.7055
                0x0800bcac       0x10 c:/program files (x86)/gnu tools arm embedded/5.4 2016q2/bin/../lib/gcc/arm-none-eabi/5.4.1/../../../../arm-none-eabi/lib/armv7-m\libg.a(lib_a-svfprintf.o)
 .rodata.str1.4
                0x0800bcbc       0x42 c:/program files (x86)/gnu tools arm embedded/5.4 2016q2/bin/../lib/gcc/arm-none-eabi/5.4.1/../../../../arm-none-eabi/lib/armv7-m\libg.a(lib_a-svfprintf.o)
 *fill*         0x0800bcfe        0x2 
 .rodata.zeroes.7056
                0x0800bd00       0x10 c:/program files (x86)/gnu tools arm embedded/5.4 2016q2/bin/../lib/gcc/arm-none-eabi/5.4.1/../../../../arm-none-eabi/lib/armv7-m\libg.a(lib_a-svfprintf.o)
 .rodata.str1.4
                0x0800bd10       0x10 c:/program files (x86)/gnu tools arm embedded/5.4 2016q2/bin/../lib/gcc/arm-none-eabi/5.4.1/../../../../arm-none-eabi/lib/armv7-m\libg.a(lib_a-dtoa.o)
                                 0x12 (size before relaxing)
 .rodata.str1.4
                0x0800bd20        0xc c:/program files (x86)/gnu tools arm embedded/5.4 2016q2/bin/../lib/gcc/arm-none-eabi/5.4.1/../../../../arm-none-eabi/lib/armv7-m\libg.a(lib_a-locale.o)
                                 0x12 (size before relaxing)
 *fill*         0x0800bd2c        0x4 
 .rodata.__mprec_tens
                0x0800bd30       0xc8 c:/program files (x86)/gnu tools arm embedded/5.4 2016q2/bin/../lib/gcc/arm-none-eabi/5.4.1/../../../../arm-none-eabi/lib/armv7-m\libg.a(lib_a-mprec.o)
                0x0800bd30                __mprec_tens
 .rodata.__mprec_bigtens
                0x0800bdf8       0x28 c:/program files (x86)/gnu tools arm embedded/5.4 2016q2/bin/../lib/gcc/arm-none-eabi/5.4.1/../../../../arm-none-eabi/lib/armv7-m\libg.a(lib_a-mprec.o)
                0x0800bdf8                __mprec_bigtens
 .rodata.p05.5396
                0x0800be20        0xc c:/program files (x86)/gnu tools arm embedded/5.4 2016q2/bin/../lib/gcc/arm-none-eabi/5.4.1/../../../../arm-none-eabi/lib/armv7-m\libg.a(lib_a-mprec.o)
                0x0800be2c                . = ALIGN (0x4)

.ARM.extab
 *(.ARM.extab* .gnu.linkonce.armextab.*)

.ARM            0x0800be2c        0x8
                0x0800be2c                __exidx_start = .
 *(.ARM.exidx*)
 .ARM.exidx     0x0800be2c        0x8 c:/program files (x86)/gnu tools arm embedded/5.4 2016q2/bin/../lib/gcc/arm-none-eabi/5.4.1/armv7-m\libgcc.a(_udivmoddi4.o)
                0x0800be34                __exidx_end = .

.rel.dyn        0x0800be34        0x0
 .rel.iplt      0x0800be34        0x0 c:/program files (x86)/gnu tools arm embedded/5.4 2016q2/bin/../lib/gcc/arm-none-eabi/5.4.1/armv7-m/crtbegin.o

.preinit_array  0x0800be34        0x0
                0x0800be34                PROVIDE (__preinit_array_start, .)
 *(.preinit_array*)
                0x0800be34                PROVIDE (__preinit_array_end, .)

.init_array     0x0800be34        0x8
                0x0800be34                PROVIDE (__init_array_start, .)
 *(SORT(.init_array.*))
 .init_array.00000
                0x0800be34        0x4 c:/program files (x86)/gnu tools arm embedded/5.4 2016q2/bin/../lib/gcc/arm-none-eabi/5.4.1/../../../../arm-none-eabi/lib/armv7-m\libc.a(lib_a-__call_atexit.o)
 *(.init_array*)
 .init_array    0x0800be38        0x4 c:/program files (x86)/gnu tools arm embedded/5.4 2016q2/bin/../lib/gcc/arm-none-eabi/5.4.1/armv7-m/crtbegin.o
                0x0800be3c                PROVIDE (__init_array_end, .)

.fini_array     0x0800be3c        0x4
                0x0800be3c                PROVIDE (__fini_array_start, .)
 *(SORT(.fini_array.*))
 *(.fini_array*)
 .fini_array    0x0800be3c        0x4 c:/program files (x86)/gnu tools arm embedded/5.4 2016q2/bin/../lib/gcc/arm-none-eabi/5.4.1/armv7-m/crtbegin.o
                0x0800be40                PROVIDE (__fini_array_end, .)
                0x0800be40                _sidata = LOADADDR (.data)

.data           0x20000000      0x87c load address 0x0800be40
                0x20000000                . = ALIGN (0x4)
                0x20000000                _sdata = .
 *(.data)
 .data          0x20000000        0x4 ..\obj\system_stm32f1xx.o
                0x20000000                SystemCoreClock
 *(.data*)
 *fill*         0x20000004        0x4 
 .data.impure_data
                0x20000008      0x428 c:/program files (x86)/gnu tools arm embedded/5.4 2016q2/bin/../lib/gcc/arm-none-eabi/5.4.1/../../../../arm-none-eabi/lib/armv7-m\libc.a(lib_a-impure.o)
 .data._impure_ptr
                0x20000430        0x4 c:/program files (x86)/gnu tools arm embedded/5.4 2016q2/bin/../lib/gcc/arm-none-eabi/5.4.1/../../../../arm-none-eabi/lib/armv7-m\libc.a(lib_a-impure.o)
                0x20000430                _impure_ptr
 .data.lconv    0x20000434       0x38 c:/program files (x86)/gnu tools arm embedded/5.4 2016q2/bin/../lib/gcc/arm-none-eabi/5.4.1/../../../../arm-none-eabi/lib/armv7-m\libg.a(lib_a-locale.o)
 .data.__malloc_av_
                0x2000046c      0x408 c:/program files (x86)/gnu tools arm embedded/5.4 2016q2/bin/../lib/gcc/arm-none-eabi/5.4.1/../../../../arm-none-eabi/lib/armv7-m\libg.a(lib_a-mallocr.o)
                0x2000046c                __malloc_av_
 .data.__malloc_trim_threshold
                0x20000874        0x4 c:/program files (x86)/gnu tools arm embedded/5.4 2016q2/bin/../lib/gcc/arm-none-eabi/5.4.1/../../../../arm-none-eabi/lib/armv7-m\libg.a(lib_a-mallocr.o)
                0x20000874                __malloc_trim_threshold
 .data.__malloc_sbrk_base
                0x20000878        0x4 c:/program files (x86)/gnu tools arm embedded/5.4 2016q2/bin/../lib/gcc/arm-none-eabi/5.4.1/../../../../arm-none-eabi/lib/armv7-m\libg.a(lib_a-mallocr.o)
                0x20000878                __malloc_sbrk_base
                0x2000087c                . = ALIGN (0x4)
                0x2000087c                _edata = .

.jcr            0x2000087c        0x0 load address 0x0800c6bc
 .jcr           0x2000087c        0x0 c:/program files (x86)/gnu tools arm embedded/5.4 2016q2/bin/../lib/gcc/arm-none-eabi/5.4.1/armv7-m/crtbegin.o

.igot.plt       0x2000087c        0x0 load address 0x0800c6bc
 .igot.plt      0x2000087c        0x0 c:/program files (x86)/gnu tools arm embedded/5.4 2016q2/bin/../lib/gcc/arm-none-eabi/5.4.1/armv7-m/crtbegin.o
                0x2000087c                . = ALIGN (0x4)

.bss            0x2000087c       0xa4 load address 0x0800c6bc
                0x2000087c                _sbss = .
                0x2000087c                __bss_start__ = _sbss
 *(.bss)
 .bss           0x2000087c       0x1c c:/program files (x86)/gnu tools arm embedded/5.4 2016q2/bin/../lib/gcc/arm-none-eabi/5.4.1/armv7-m/crtbegin.o
 .bss           0x20000898        0x4 ..\obj\stm32f1xx_hal.o
 .bss           0x2000089c        0x4 ..\obj\syscalls.o
 *(.bss*)
 .bss.__malloc_max_total_mem
                0x200008a0        0x4 c:/program files (x86)/gnu tools arm embedded/5.4 2016q2/bin/../lib/gcc/arm-none-eabi/5.4.1/../../../../arm-none-eabi/lib/armv7-m\libg.a(lib_a-mallocr.o)
                0x200008a0                __malloc_max_total_mem
 .bss.__malloc_max_sbrked_mem
                0x200008a4        0x4 c:/program files (x86)/gnu tools arm embedded/5.4 2016q2/bin/../lib/gcc/arm-none-eabi/5.4.1/../../../../arm-none-eabi/lib/armv7-m\libg.a(lib_a-mallocr.o)
                0x200008a4                __malloc_max_sbrked_mem
 .bss.__malloc_top_pad
                0x200008a8        0x4 c:/program files (x86)/gnu tools arm embedded/5.4 2016q2/bin/../lib/gcc/arm-none-eabi/5.4.1/../../../../arm-none-eabi/lib/armv7-m\libg.a(lib_a-mallocr.o)
                0x200008a8                __malloc_top_pad
 .bss.__malloc_current_mallinfo
                0x200008ac       0x28 c:/program files (x86)/gnu tools arm embedded/5.4 2016q2/bin/../lib/gcc/arm-none-eabi/5.4.1/../../../../arm-none-eabi/lib/armv7-m\libg.a(lib_a-mallocr.o)
                0x200008ac                __malloc_current_mallinfo
 *(COMMON)
 COMMON         0x200008d4       0x48 ..\obj\main.o
                0x200008d4                hi2c1
                0x20000910                progtime
                0x20000914                count
                0x20000918                sw_button
 COMMON         0x2000091c        0x4 c:/program files (x86)/gnu tools arm embedded/5.4 2016q2/bin/../lib/gcc/arm-none-eabi/5.4.1/../../../../arm-none-eabi/lib/armv7-m\libg.a(lib_a-reent.o)
                0x2000091c                errno
                0x20000920                . = ALIGN (0x4)
                0x20000920                _ebss = .
                0x20000920                __bss_end__ = _ebss

._user_heap_stack
                0x20000920      0x600 load address 0x0800c6bc
                0x20000920                . = ALIGN (0x8)
                [!provide]                PROVIDE (end, .)
                0x20000920                PROVIDE (_end, .)
                0x20000b20                . = (. + _Min_Heap_Size)
 *fill*         0x20000920      0x200 
                0x20000f20                . = (. + _Min_Stack_Size)
 *fill*         0x20000b20      0x400 
                0x20000f20                . = ALIGN (0x8)

/DISCARD/
 libc.a(*)
 libm.a(*)
 libgcc.a(*)

.ARM.attributes
                0x00000000       0x29
 *(.ARM.attributes)
 .ARM.attributes
                0x00000000       0x1d c:/program files (x86)/gnu tools arm embedded/5.4 2016q2/bin/../lib/gcc/arm-none-eabi/5.4.1/armv7-m/crti.o
 .ARM.attributes
                0x0000001d       0x2d c:/program files (x86)/gnu tools arm embedded/5.4 2016q2/bin/../lib/gcc/arm-none-eabi/5.4.1/armv7-m/crtbegin.o
 .ARM.attributes
                0x0000004a       0x33 ..\obj\stm32f1xx_hal_dma.o
 .ARM.attributes
                0x0000007d       0x33 ..\obj\stm32f1xx_hal_i2c.o
 .ARM.attributes
                0x000000b0       0x33 ..\obj\system_stm32f1xx.o
 .ARM.attributes
                0x000000e3       0x33 ..\obj\stm32f1xx_hal_cortex.o
 .ARM.attributes
                0x00000116       0x33 ..\obj\stm32f1xx_hal_gpio.o
 .ARM.attributes
                0x00000149       0x33 ..\obj\stm32f1xx_hal.o
 .ARM.attributes
                0x0000017c       0x33 ..\obj\stm32f1xx_it.o
 .ARM.attributes
                0x000001af       0x21 ..\obj\startup_stm32f103xb.o
 .ARM.attributes
                0x000001d0       0x33 ..\obj\syscalls.o
 .ARM.attributes
                0x00000203       0x33 ..\obj\main.o
 .ARM.attributes
                0x00000236       0x33 ..\obj\lcd.o
 .ARM.attributes
                0x00000269       0x33 ..\obj\stm32f1xx_hal_msp.o
 .ARM.attributes
                0x0000029c       0x33 ..\obj\stm32f1xx_hal_rcc.o
 .ARM.attributes
                0x000002cf       0x2d c:/program files (x86)/gnu tools arm embedded/5.4 2016q2/bin/../lib/gcc/arm-none-eabi/5.4.1/../../../../arm-none-eabi/lib/armv7-m\libg.a(lib_a-sprintf.o)
 .ARM.attributes
                0x000002fc       0x2d c:/program files (x86)/gnu tools arm embedded/5.4 2016q2/bin/../lib/gcc/arm-none-eabi/5.4.1/../../../../arm-none-eabi/lib/armv7-m\libg.a(lib_a-strlen-stub.o)
 .ARM.attributes
                0x00000329       0x2d c:/program files (x86)/gnu tools arm embedded/5.4 2016q2/bin/../lib/gcc/arm-none-eabi/5.4.1/../../../../arm-none-eabi/lib/armv7-m\libg.a(lib_a-svfprintf.o)
 .ARM.attributes
                0x00000356       0x2d c:/program files (x86)/gnu tools arm embedded/5.4 2016q2/bin/../lib/gcc/arm-none-eabi/5.4.1/../../../../arm-none-eabi/lib/armv7-m\libg.a(lib_a-dtoa.o)
 .ARM.attributes
                0x00000383       0x2d c:/program files (x86)/gnu tools arm embedded/5.4 2016q2/bin/../lib/gcc/arm-none-eabi/5.4.1/../../../../arm-none-eabi/lib/armv7-m\libg.a(lib_a-locale.o)
 .ARM.attributes
                0x000003b0       0x2d c:/program files (x86)/gnu tools arm embedded/5.4 2016q2/bin/../lib/gcc/arm-none-eabi/5.4.1/../../../../arm-none-eabi/lib/armv7-m\libg.a(lib_a-mallocr.o)
 .ARM.attributes
                0x000003dd       0x2d c:/program files (x86)/gnu tools arm embedded/5.4 2016q2/bin/../lib/gcc/arm-none-eabi/5.4.1/../../../../arm-none-eabi/lib/armv7-m\libg.a(lib_a-memchr-stub.o)
 .ARM.attributes
                0x0000040a       0x1b c:/program files (x86)/gnu tools arm embedded/5.4 2016q2/bin/../lib/gcc/arm-none-eabi/5.4.1/../../../../arm-none-eabi/lib/armv7-m\libg.a(lib_a-memcpy.o)
 .ARM.attributes
                0x00000425       0x2d c:/program files (x86)/gnu tools arm embedded/5.4 2016q2/bin/../lib/gcc/arm-none-eabi/5.4.1/../../../../arm-none-eabi/lib/armv7-m\libg.a(lib_a-mlock.o)
 .ARM.attributes
                0x00000452       0x2d c:/program files (x86)/gnu tools arm embedded/5.4 2016q2/bin/../lib/gcc/arm-none-eabi/5.4.1/../../../../arm-none-eabi/lib/armv7-m\libg.a(lib_a-mprec.o)
 .ARM.attributes
                0x0000047f       0x2d c:/program files (x86)/gnu tools arm embedded/5.4 2016q2/bin/../lib/gcc/arm-none-eabi/5.4.1/../../../../arm-none-eabi/lib/armv7-m\libg.a(lib_a-sbrkr.o)
 .ARM.attributes
                0x000004ac       0x2d c:/program files (x86)/gnu tools arm embedded/5.4 2016q2/bin/../lib/gcc/arm-none-eabi/5.4.1/../../../../arm-none-eabi/lib/armv7-m\libg.a(lib_a-svfiprintf.o)
 .ARM.attributes
                0x000004d9       0x2d c:/program files (x86)/gnu tools arm embedded/5.4 2016q2/bin/../lib/gcc/arm-none-eabi/5.4.1/../../../../arm-none-eabi/lib/armv7-m\libg.a(lib_a-callocr.o)
 .ARM.attributes
                0x00000506       0x2d c:/program files (x86)/gnu tools arm embedded/5.4 2016q2/bin/../lib/gcc/arm-none-eabi/5.4.1/../../../../arm-none-eabi/lib/armv7-m\libg.a(lib_a-freer.o)
 .ARM.attributes
                0x00000533       0x2d c:/program files (x86)/gnu tools arm embedded/5.4 2016q2/bin/../lib/gcc/arm-none-eabi/5.4.1/../../../../arm-none-eabi/lib/armv7-m\libg.a(lib_a-memmove.o)
 .ARM.attributes
                0x00000560       0x2d c:/program files (x86)/gnu tools arm embedded/5.4 2016q2/bin/../lib/gcc/arm-none-eabi/5.4.1/../../../../arm-none-eabi/lib/armv7-m\libg.a(lib_a-reallocr.o)
 .ARM.attributes
                0x0000058d       0x2d c:/program files (x86)/gnu tools arm embedded/5.4 2016q2/bin/../lib/gcc/arm-none-eabi/5.4.1/../../../../arm-none-eabi/lib/armv7-m\libg.a(lib_a-reent.o)
 .ARM.attributes
                0x000005ba       0x1d c:/program files (x86)/gnu tools arm embedded/5.4 2016q2/bin/../lib/gcc/arm-none-eabi/5.4.1/armv7-m\libgcc.a(_arm_addsubdf3.o)
 .ARM.attributes
                0x000005d7       0x1d c:/program files (x86)/gnu tools arm embedded/5.4 2016q2/bin/../lib/gcc/arm-none-eabi/5.4.1/armv7-m\libgcc.a(_arm_muldivdf3.o)
 .ARM.attributes
                0x000005f4       0x1d c:/program files (x86)/gnu tools arm embedded/5.4 2016q2/bin/../lib/gcc/arm-none-eabi/5.4.1/armv7-m\libgcc.a(_arm_cmpdf2.o)
 .ARM.attributes
                0x00000611       0x1d c:/program files (x86)/gnu tools arm embedded/5.4 2016q2/bin/../lib/gcc/arm-none-eabi/5.4.1/armv7-m\libgcc.a(_arm_unorddf2.o)
 .ARM.attributes
                0x0000062e       0x1d c:/program files (x86)/gnu tools arm embedded/5.4 2016q2/bin/../lib/gcc/arm-none-eabi/5.4.1/armv7-m\libgcc.a(_arm_fixdfsi.o)
 .ARM.attributes
                0x0000064b       0x1d c:/program files (x86)/gnu tools arm embedded/5.4 2016q2/bin/../lib/gcc/arm-none-eabi/5.4.1/armv7-m\libgcc.a(_aeabi_uldivmod.o)
 .ARM.attributes
                0x00000668       0x2d c:/program files (x86)/gnu tools arm embedded/5.4 2016q2/bin/../lib/gcc/arm-none-eabi/5.4.1/armv7-m\libgcc.a(_udivmoddi4.o)
 .ARM.attributes
                0x00000695       0x1d c:/program files (x86)/gnu tools arm embedded/5.4 2016q2/bin/../lib/gcc/arm-none-eabi/5.4.1/armv7-m\libgcc.a(_dvmd_tls.o)
 .ARM.attributes
                0x000006b2       0x1d c:/program files (x86)/gnu tools arm embedded/5.4 2016q2/bin/../lib/gcc/arm-none-eabi/5.4.1/armv7-m/crtn.o
LOAD ..\obj\stm32f1xx_hal_dma.o
LOAD ..\obj\stm32f1xx_hal_i2c.o
LOAD ..\obj\stm32f1xx_hal_flash_ex.o
LOAD ..\obj\system_stm32f1xx.o
LOAD ..\obj\stm32f1xx_hal_cortex.o
LOAD ..\obj\stm32f1xx_hal_gpio.o
LOAD ..\obj\stm32f1xx_hal_tim_ex.o
LOAD ..\obj\stm32f1xx_hal_rcc_ex.o
LOAD ..\obj\stm32f1xx_hal.o
LOAD ..\obj\stm32f1xx_hal_gpio_ex.o
LOAD ..\obj\stm32f1xx_it.o
LOAD ..\obj\startup_stm32f103xb.o
LOAD ..\obj\syscalls.o
LOAD ..\obj\main.o
LOAD ..\obj\lcd.o
LOAD ..\obj\stm32f1xx_hal_msp.o
LOAD ..\obj\stm32f1xx_hal_flash.o
LOAD ..\obj\stm32f1xx_hal_tim.o
LOAD ..\obj\stm32f1xx_hal_pwr.o
LOAD ..\obj\stm32f1xx_hal_rcc.o
START GROUP
LOAD c:/program files (x86)/gnu tools arm embedded/5.4 2016q2/bin/../lib/gcc/arm-none-eabi/5.4.1/armv7-m\libgcc.a
LOAD c:/program files (x86)/gnu tools arm embedded/5.4 2016q2/bin/../lib/gcc/arm-none-eabi/5.4.1/../../../../arm-none-eabi/lib/armv7-m\libg.a
LOAD c:/program files (x86)/gnu tools arm embedded/5.4 2016q2/bin/../lib/gcc/arm-none-eabi/5.4.1/../../../../arm-none-eabi/lib/armv7-m\libc.a
END GROUP
LOAD c:/program files (x86)/gnu tools arm embedded/5.4 2016q2/bin/../lib/gcc/arm-none-eabi/5.4.1/armv7-m/crtend.o
LOAD c:/program files (x86)/gnu tools arm embedded/5.4 2016q2/bin/../lib/gcc/arm-none-eabi/5.4.1/armv7-m/crtn.o
OUTPUT(myproj.elf elf32-littlearm)

.debug_info     0x00000000     0x6f3d
 .debug_info    0x00000000      0x588 ..\obj\stm32f1xx_hal_dma.o
 .debug_info    0x00000588     0x1acf ..\obj\stm32f1xx_hal_i2c.o
 .debug_info    0x00002057      0x3d2 ..\obj\system_stm32f1xx.o
 .debug_info    0x00002429      0xabf ..\obj\stm32f1xx_hal_cortex.o
 .debug_info    0x00002ee8      0x5f5 ..\obj\stm32f1xx_hal_gpio.o
 .debug_info    0x000034dd      0x5e3 ..\obj\stm32f1xx_hal.o
 .debug_info    0x00003ac0      0x237 ..\obj\stm32f1xx_it.o
 .debug_info    0x00003cf7       0xbe ..\obj\startup_stm32f103xb.o
 .debug_info    0x00003db5      0x458 ..\obj\syscalls.o
 .debug_info    0x0000420d      0x9f5 ..\obj\main.o
 .debug_info    0x00004c02      0x6d6 ..\obj\lcd.o
 .debug_info    0x000052d8      0x86c ..\obj\stm32f1xx_hal_msp.o
 .debug_info    0x00005b44     0x13f9 ..\obj\stm32f1xx_hal_rcc.o

.debug_abbrev   0x00000000     0x1399
 .debug_abbrev  0x00000000      0x1b5 ..\obj\stm32f1xx_hal_dma.o
 .debug_abbrev  0x000001b5      0x20a ..\obj\stm32f1xx_hal_i2c.o
 .debug_abbrev  0x000003bf      0x120 ..\obj\system_stm32f1xx.o
 .debug_abbrev  0x000004df      0x270 ..\obj\stm32f1xx_hal_cortex.o
 .debug_abbrev  0x0000074f      0x1ac ..\obj\stm32f1xx_hal_gpio.o
 .debug_abbrev  0x000008fb      0x1f8 ..\obj\stm32f1xx_hal.o
 .debug_abbrev  0x00000af3       0xc8 ..\obj\stm32f1xx_it.o
 .debug_abbrev  0x00000bbb       0x12 ..\obj\startup_stm32f103xb.o
 .debug_abbrev  0x00000bcd       0xe5 ..\obj\syscalls.o
 .debug_abbrev  0x00000cb2      0x1d3 ..\obj\main.o
 .debug_abbrev  0x00000e85      0x149 ..\obj\lcd.o
 .debug_abbrev  0x00000fce      0x155 ..\obj\stm32f1xx_hal_msp.o
 .debug_abbrev  0x00001123      0x276 ..\obj\stm32f1xx_hal_rcc.o

.debug_aranges  0x00000000      0x1a8
 .debug_aranges
                0x00000000       0x20 ..\obj\stm32f1xx_hal_dma.o
 .debug_aranges
                0x00000020       0x20 ..\obj\stm32f1xx_hal_i2c.o
 .debug_aranges
                0x00000040       0x20 ..\obj\system_stm32f1xx.o
 .debug_aranges
                0x00000060       0x20 ..\obj\stm32f1xx_hal_cortex.o
 .debug_aranges
                0x00000080       0x20 ..\obj\stm32f1xx_hal_gpio.o
 .debug_aranges
                0x000000a0       0x20 ..\obj\stm32f1xx_hal.o
 .debug_aranges
                0x000000c0       0x20 ..\obj\stm32f1xx_it.o
 .debug_aranges
                0x000000e0       0x28 ..\obj\startup_stm32f103xb.o
 .debug_aranges
                0x00000108       0x20 ..\obj\syscalls.o
 .debug_aranges
                0x00000128       0x20 ..\obj\main.o
 .debug_aranges
                0x00000148       0x20 ..\obj\lcd.o
 .debug_aranges
                0x00000168       0x20 ..\obj\stm32f1xx_hal_msp.o
 .debug_aranges
                0x00000188       0x20 ..\obj\stm32f1xx_hal_rcc.o

.debug_line     0x00000000     0x394e
 .debug_line    0x00000000      0x7b4 ..\obj\stm32f1xx_hal_dma.o
 .debug_line    0x000007b4      0xe2c ..\obj\stm32f1xx_hal_i2c.o
 .debug_line    0x000015e0      0x23b ..\obj\system_stm32f1xx.o
 .debug_line    0x0000181b      0x304 ..\obj\stm32f1xx_hal_cortex.o
 .debug_line    0x00001b1f      0x3ec ..\obj\stm32f1xx_hal_gpio.o
 .debug_line    0x00001f0b      0x2c1 ..\obj\stm32f1xx_hal.o
 .debug_line    0x000021cc      0x207 ..\obj\stm32f1xx_it.o
 .debug_line    0x000023d3       0xc7 ..\obj\startup_stm32f103xb.o
 .debug_line    0x0000249a      0x195 ..\obj\syscalls.o
 .debug_line    0x0000262f      0x30b ..\obj\main.o
 .debug_line    0x0000293a      0x2de ..\obj\lcd.o
 .debug_line    0x00002c18      0x281 ..\obj\stm32f1xx_hal_msp.o
 .debug_line    0x00002e99      0xab5 ..\obj\stm32f1xx_hal_rcc.o

.debug_str      0x00000000     0x1f1b
 .debug_str     0x00000000      0x468 ..\obj\stm32f1xx_hal_dma.o
                                0x4eb (size before relaxing)
 .debug_str     0x00000468      0x89d ..\obj\stm32f1xx_hal_i2c.o
                                0xc44 (size before relaxing)
 .debug_str     0x00000d05      0x160 ..\obj\system_stm32f1xx.o
                                0x2a1 (size before relaxing)
 .debug_str     0x00000e65      0x5d5 ..\obj\stm32f1xx_hal_cortex.o
                                0x8b0 (size before relaxing)
 .debug_str     0x0000143a      0x1d4 ..\obj\stm32f1xx_hal_gpio.o
                                0x40b (size before relaxing)
 .debug_str     0x0000160e      0x20c ..\obj\stm32f1xx_hal.o
                                0x6f9 (size before relaxing)
 .debug_str     0x0000181a      0x113 ..\obj\stm32f1xx_it.o
                                0x2a7 (size before relaxing)
 .debug_str     0x0000192d      0x198 ..\obj\syscalls.o
                                0x32f (size before relaxing)
 .debug_str     0x00001ac5      0x19f ..\obj\main.o
                                0xa66 (size before relaxing)
 .debug_str     0x00001c64       0x81 ..\obj\lcd.o
                                0x5ef (size before relaxing)
 .debug_str     0x00001ce5       0x36 ..\obj\stm32f1xx_hal_msp.o
                                0x91f (size before relaxing)
 .debug_str     0x00001d1b      0x200 ..\obj\stm32f1xx_hal_rcc.o
                                0x5d7 (size before relaxing)

.comment        0x00000000       0x6e
 .comment       0x00000000       0x6e ..\obj\stm32f1xx_hal_dma.o
                                 0x6f (size before relaxing)
 .comment       0x0000006e       0x6f ..\obj\stm32f1xx_hal_i2c.o
 .comment       0x0000006e       0x6f ..\obj\system_stm32f1xx.o
 .comment       0x0000006e       0x6f ..\obj\stm32f1xx_hal_cortex.o
 .comment       0x0000006e       0x6f ..\obj\stm32f1xx_hal_gpio.o
 .comment       0x0000006e       0x6f ..\obj\stm32f1xx_hal.o
 .comment       0x0000006e       0x6f ..\obj\stm32f1xx_it.o
 .comment       0x0000006e       0x6f ..\obj\syscalls.o
 .comment       0x0000006e       0x6f ..\obj\main.o
 .comment       0x0000006e       0x6f ..\obj\lcd.o
 .comment       0x0000006e       0x6f ..\obj\stm32f1xx_hal_msp.o
 .comment       0x0000006e       0x6f ..\obj\stm32f1xx_hal_rcc.o

.debug_frame    0x00000000     0x221c
 .debug_frame   0x00000000      0x194 ..\obj\stm32f1xx_hal_dma.o
 .debug_frame   0x00000194      0x984 ..\obj\stm32f1xx_hal_i2c.o
 .debug_frame   0x00000b18       0x58 ..\obj\system_stm32f1xx.o
 .debug_frame   0x00000b70      0x428 ..\obj\stm32f1xx_hal_cortex.o
 .debug_frame   0x00000f98      0x14c ..\obj\stm32f1xx_hal_gpio.o
 .debug_frame   0x000010e4      0x278 ..\obj\stm32f1xx_hal.o
 .debug_frame   0x0000135c      0x160 ..\obj\stm32f1xx_it.o
 .debug_frame   0x000014bc      0x168 ..\obj\syscalls.o
 .debug_frame   0x00001624       0xac ..\obj\main.o
 .debug_frame   0x000016d0      0x10c ..\obj\lcd.o
 .debug_frame   0x000017dc       0x7c ..\obj\stm32f1xx_hal_msp.o
 .debug_frame   0x00001858      0x21c ..\obj\stm32f1xx_hal_rcc.o
 .debug_frame   0x00001a74       0x84 c:/program files (x86)/gnu tools arm embedded/5.4 2016q2/bin/../lib/gcc/arm-none-eabi/5.4.1/../../../../arm-none-eabi/lib/armv7-m\libg.a(lib_a-sprintf.o)
 .debug_frame   0x00001af8       0x20 c:/program files (x86)/gnu tools arm embedded/5.4 2016q2/bin/../lib/gcc/arm-none-eabi/5.4.1/../../../../arm-none-eabi/lib/armv7-m\libg.a(lib_a-strlen-stub.o)
 .debug_frame   0x00001b18       0x44 c:/program files (x86)/gnu tools arm embedded/5.4 2016q2/bin/../lib/gcc/arm-none-eabi/5.4.1/../../../../arm-none-eabi/lib/armv7-m\libg.a(lib_a-svfprintf.o)
 .debug_frame   0x00001b5c       0x84 c:/program files (x86)/gnu tools arm embedded/5.4 2016q2/bin/../lib/gcc/arm-none-eabi/5.4.1/../../../../arm-none-eabi/lib/armv7-m\libg.a(lib_a-dtoa.o)
 .debug_frame   0x00001be0       0x9c c:/program files (x86)/gnu tools arm embedded/5.4 2016q2/bin/../lib/gcc/arm-none-eabi/5.4.1/../../../../arm-none-eabi/lib/armv7-m\libg.a(lib_a-locale.o)
 .debug_frame   0x00001c7c       0x54 c:/program files (x86)/gnu tools arm embedded/5.4 2016q2/bin/../lib/gcc/arm-none-eabi/5.4.1/../../../../arm-none-eabi/lib/armv7-m\libg.a(lib_a-mallocr.o)
 .debug_frame   0x00001cd0       0x34 c:/program files (x86)/gnu tools arm embedded/5.4 2016q2/bin/../lib/gcc/arm-none-eabi/5.4.1/../../../../arm-none-eabi/lib/armv7-m\libg.a(lib_a-memchr-stub.o)
 .debug_frame   0x00001d04       0x30 c:/program files (x86)/gnu tools arm embedded/5.4 2016q2/bin/../lib/gcc/arm-none-eabi/5.4.1/../../../../arm-none-eabi/lib/armv7-m\libg.a(lib_a-mlock.o)
 .debug_frame   0x00001d34      0x264 c:/program files (x86)/gnu tools arm embedded/5.4 2016q2/bin/../lib/gcc/arm-none-eabi/5.4.1/../../../../arm-none-eabi/lib/armv7-m\libg.a(lib_a-mprec.o)
 .debug_frame   0x00001f98       0x2c c:/program files (x86)/gnu tools arm embedded/5.4 2016q2/bin/../lib/gcc/arm-none-eabi/5.4.1/../../../../arm-none-eabi/lib/armv7-m\libg.a(lib_a-sbrkr.o)
 .debug_frame   0x00001fc4       0x78 c:/program files (x86)/gnu tools arm embedded/5.4 2016q2/bin/../lib/gcc/arm-none-eabi/5.4.1/../../../../arm-none-eabi/lib/armv7-m\libg.a(lib_a-svfiprintf.o)
 .debug_frame   0x0000203c       0x28 c:/program files (x86)/gnu tools arm embedded/5.4 2016q2/bin/../lib/gcc/arm-none-eabi/5.4.1/../../../../arm-none-eabi/lib/armv7-m\libg.a(lib_a-callocr.o)
 .debug_frame   0x00002064       0x74 c:/program files (x86)/gnu tools arm embedded/5.4 2016q2/bin/../lib/gcc/arm-none-eabi/5.4.1/../../../../arm-none-eabi/lib/armv7-m\libg.a(lib_a-freer.o)
 .debug_frame   0x000020d8       0x30 c:/program files (x86)/gnu tools arm embedded/5.4 2016q2/bin/../lib/gcc/arm-none-eabi/5.4.1/../../../../arm-none-eabi/lib/armv7-m\libg.a(lib_a-memmove.o)
 .debug_frame   0x00002108       0x58 c:/program files (x86)/gnu tools arm embedded/5.4 2016q2/bin/../lib/gcc/arm-none-eabi/5.4.1/../../../../arm-none-eabi/lib/armv7-m\libg.a(lib_a-reallocr.o)
 .debug_frame   0x00002160       0x58 c:/program files (x86)/gnu tools arm embedded/5.4 2016q2/bin/../lib/gcc/arm-none-eabi/5.4.1/../../../../arm-none-eabi/lib/armv7-m\libg.a(lib_a-reent.o)
 .debug_frame   0x000021b8       0x2c c:/program files (x86)/gnu tools arm embedded/5.4 2016q2/bin/../lib/gcc/arm-none-eabi/5.4.1/armv7-m\libgcc.a(_aeabi_uldivmod.o)
 .debug_frame   0x000021e4       0x38 c:/program files (x86)/gnu tools arm embedded/5.4 2016q2/bin/../lib/gcc/arm-none-eabi/5.4.1/armv7-m\libgcc.a(_udivmoddi4.o)

.debug_ranges   0x00000000       0x20
 .debug_ranges  0x00000000       0x20 ..\obj\startup_stm32f103xb.o
